2026-08-09 20:49:53,020 INFO o.a.j.u.JMeterUtils: Setting Locale to en_EN
2026-08-09 20:49:53,035 INFO o.a.j.JMeter: Loading user properties from: D:\code\Jmeter\apache-jmeter-5.6.3\bin\user.properties
2026-08-09 20:49:53,036 INFO o.a.j.JMeter: Loading system properties from: D:\code\Jmeter\apache-jmeter-5.6.3\bin\system.properties
2026-08-09 20:49:53,036 INFO o.a.j.JMeter: Loading additional properties from: D:/code/otherProjects/21_Vgril/perf/jmeter_add.properties
2026-08-09 20:49:53,037 INFO o.a.j.JMeter: Setting JMeter property: threads=200
2026-08-09 20:49:53,037 INFO o.a.j.JMeter: Setting JMeter property: rampUp=20
2026-08-09 20:49:53,037 INFO o.a.j.JMeter: Setting JMeter property: duration=60
2026-08-09 20:49:53,043 INFO o.a.j.JMeter: Copyright (c) 1998-2024 The Apache Software Foundation
2026-08-09 20:49:53,043 INFO o.a.j.JMeter: Version 5.6.3
2026-08-09 20:49:53,043 INFO o.a.j.JMeter: java.version=1.8.0_341
2026-08-09 20:49:53,043 INFO o.a.j.JMeter: java.vm.name=Java HotSpot(TM) 64-Bit Server VM
2026-08-09 20:49:53,043 INFO o.a.j.JMeter: os.name=Windows 10
2026-08-09 20:49:53,043 INFO o.a.j.JMeter: os.arch=amd64
2026-08-09 20:49:53,043 INFO o.a.j.JMeter: os.version=10.0
2026-08-09 20:49:53,043 INFO o.a.j.JMeter: file.encoding=GBK
2026-08-09 20:49:53,043 INFO o.a.j.JMeter: java.awt.headless=true
2026-08-09 20:49:53,043 INFO o.a.j.JMeter: Max memory     =536870912
2026-08-09 20:49:53,044 INFO o.a.j.JMeter: Available Processors =8
2026-08-09 20:49:53,047 INFO o.a.j.JMeter: Default Locale=English (EN)
2026-08-09 20:49:53,047 INFO o.a.j.JMeter: JMeter  Locale=English (EN)
2026-08-09 20:49:53,048 INFO o.a.j.JMeter: JMeterHome=D:\code\Jmeter\apache-jmeter-5.6.3
2026-08-09 20:49:53,048 INFO o.a.j.JMeter: user.dir  =D:\code\otherProjects\21_Vgril\perf
2026-08-09 20:49:53,048 INFO o.a.j.JMeter: PWD       =D:\code\otherProjects\21_Vgril\perf
2026-08-09 20:49:53,049 INFO o.a.j.JMeter: IP: 192.168.50.65 Name: DESKTOP-G10O4NL FullName: DESKTOP-G10O4NL
2026-08-09 20:49:53,069 INFO o.a.j.s.FileServer: Default base='D:\code\otherProjects\21_Vgril\perf'
2026-08-09 20:49:53,071 INFO o.a.j.s.FileServer: Set new base='D:\code\otherProjects\21_Vgril\perf'
2026-08-09 20:49:53,206 INFO o.a.j.s.SaveService: Testplan (JMX) version: 2.2. Testlog (JTL) version: 2.2
2026-08-09 20:49:53,229 INFO o.a.j.s.SaveService: Using SaveService properties file encoding UTF-8
2026-08-09 20:49:53,236 INFO o.a.j.s.SaveService: Using SaveService properties version 5.0
2026-08-09 20:49:53,245 INFO o.a.j.s.SaveService: Loading file: config_post.jmx
2026-08-09 20:49:53,328 INFO o.a.j.p.h.s.HTTPSamplerBase: Parser for text/html is org.apache.jmeter.protocol.http.parser.LagartoBasedHtmlParser
2026-08-09 20:49:53,328 INFO o.a.j.p.h.s.HTTPSamplerBase: Parser for application/xhtml+xml is org.apache.jmeter.protocol.http.parser.LagartoBasedHtmlParser
2026-08-09 20:49:53,328 INFO o.a.j.p.h.s.HTTPSamplerBase: Parser for application/xml is org.apache.jmeter.protocol.http.parser.LagartoBasedHtmlParser
2026-08-09 20:49:53,328 INFO o.a.j.p.h.s.HTTPSamplerBase: Parser for text/xml is org.apache.jmeter.protocol.http.parser.LagartoBasedHtmlParser
2026-08-09 20:49:53,328 INFO o.a.j.p.h.s.HTTPSamplerBase: Parser for text/vnd.wap.wml is org.apache.jmeter.protocol.http.parser.RegexpHTMLParser
2026-08-09 20:49:53,328 INFO o.a.j.p.h.s.HTTPSamplerBase: Parser for text/css is org.apache.jmeter.protocol.http.parser.CssParser
2026-08-09 20:49:53,702 INFO o.a.j.JMeter: Creating summariser <summary>
2026-08-09 20:49:53,715 INFO o.a.j.e.StandardJMeterEngine: Running the test!
2026-08-09 20:49:53,716 INFO o.a.j.s.SampleEvent: List of sample_variables: []
2026-08-09 20:49:53,716 INFO o.a.j.s.SampleEvent: List of sample_variables: []
2026-08-09 20:49:53,724 INFO o.a.j.e.u.CompoundVariable: Note: Function class names must contain the string: '.functions.'
2026-08-09 20:49:53,724 INFO o.a.j.e.u.CompoundVariable: Note: Function class names must not contain the string: '.gui.'
2026-08-09 20:49:54,112 INFO o.a.j.r.ClassFinder: Will scan jar D:\code\Jmeter\apache-jmeter-5.6.3\lib\ext\SecurityUtil-1.0-SNAPSHOT.jar with filter ExtendsClassFilter [parents=[interface org.apache.jmeter.functions.Function], inner=false, contains=null, notContains=null]. Consider exposing JMeter plugins via META-INF/services, and add JMeter-Skip-Class-Scanning=true manifest attribute so JMeter can skip classfile scanning
2026-08-09 20:49:54,144 INFO o.a.j.r.ClassFinder: Will scan jar D:\code\Jmeter\apache-jmeter-5.6.3\lib\ext\bcprov-jdk15on-1.70.jar with filter ExtendsClassFilter [parents=[interface org.apache.jmeter.functions.Function], inner=false, contains=null, notContains=null]. Consider exposing JMeter plugins via META-INF/services, and add JMeter-Skip-Class-Scanning=true manifest attribute so JMeter can skip classfile scanning
2026-08-09 20:49:55,253 INFO o.a.j.r.ClassFinder: Will scan jar D:\code\Jmeter\apache-jmeter-5.6.3\lib\ext\mysql-connector-java-5.1.34.jar with filter ExtendsClassFilter [parents=[interface org.apache.jmeter.functions.Function], inner=false, contains=null, notContains=null]. Consider exposing JMeter plugins via META-INF/services, and add JMeter-Skip-Class-Scanning=true manifest attribute so JMeter can skip classfile scanning
2026-08-09 20:49:55,374 INFO o.a.j.r.ClassFinder: Will scan jar D:\code\Jmeter\apache-jmeter-5.6.3\lib\ext\ojdbc8-12.2.0.1.jar with filter ExtendsClassFilter [parents=[interface org.apache.jmeter.functions.Function], inner=false, contains=null, notContains=null]. Consider exposing JMeter plugins via META-INF/services, and add JMeter-Skip-Class-Scanning=true manifest attribute so JMeter can skip classfile scanning
2026-08-09 20:49:55,860 INFO o.a.j.JMeter: Running test (1786279795860)
2026-08-09 20:49:55,949 INFO o.a.j.e.StandardJMeterEngine: Starting ThreadGroup: 1 : TG
2026-08-09 20:49:55,949 INFO o.a.j.e.StandardJMeterEngine: Starting 200 threads for group TG.
2026-08-09 20:49:55,949 INFO o.a.j.e.StandardJMeterEngine: Thread will continue on error
2026-08-09 20:49:55,950 INFO o.a.j.t.ThreadGroup: Starting thread group... number=1 threads=200 ramp-up=20 delayedStart=false
2026-08-09 20:49:55,980 INFO o.a.j.t.JMeterThread: Thread started: TG 1-1
2026-08-09 20:49:56,023 INFO o.a.j.p.h.s.HTTPHCAbstractImpl: Local host = DESKTOP-G10O4NL
2026-08-09 20:49:56,034 INFO o.a.j.p.h.s.HTTPHC4Impl: HTTP request retry count = 0
2026-08-09 20:49:56,037 INFO o.a.j.s.SampleResult: Note: Sample TimeStamps are START times
2026-08-09 20:49:56,038 INFO o.a.j.s.SampleResult: sampleresult.default.encoding is set to UTF-8
2026-08-09 20:49:56,038 INFO o.a.j.s.SampleResult: sampleresult.useNanoTime=true
2026-08-09 20:49:56,038 INFO o.a.j.s.SampleResult: sampleresult.nanoThreadSleep=5000
2026-08-09 20:49:56,049 INFO o.a.j.t.ThreadGroup: Started thread group number 1
2026-08-09 20:49:56,049 INFO o.a.j.e.StandardJMeterEngine: All thread groups have been started
2026-08-09 20:49:56,081 INFO o.a.j.t.JMeterThread: Thread started: TG 1-2
2026-08-09 20:49:56,178 INFO o.a.j.t.JMeterThread: Thread started: TG 1-3
2026-08-09 20:49:56,272 INFO o.a.j.t.JMeterThread: Thread started: TG 1-4
2026-08-09 20:49:56,371 INFO o.a.j.t.JMeterThread: Thread started: TG 1-5
2026-08-09 20:49:56,468 INFO o.a.j.t.JMeterThread: Thread started: TG 1-6
2026-08-09 20:49:56,575 INFO o.a.j.t.JMeterThread: Thread started: TG 1-7
2026-08-09 20:49:56,672 INFO o.a.j.t.JMeterThread: Thread started: TG 1-8
2026-08-09 20:49:56,765 INFO o.a.j.t.JMeterThread: Thread started: TG 1-9
2026-08-09 20:49:56,864 INFO o.a.j.t.JMeterThread: Thread started: TG 1-10
2026-08-09 20:49:56,969 INFO o.a.j.t.JMeterThread: Thread started: TG 1-11
2026-08-09 20:49:57,068 INFO o.a.j.t.JMeterThread: Thread started: TG 1-12
2026-08-09 20:49:57,169 INFO o.a.j.t.JMeterThread: Thread started: TG 1-13
2026-08-09 20:49:57,267 INFO o.a.j.t.JMeterThread: Thread started: TG 1-14
2026-08-09 20:49:57,365 INFO o.a.j.t.JMeterThread: Thread started: TG 1-15
2026-08-09 20:49:57,465 INFO o.a.j.t.JMeterThread: Thread started: TG 1-16
2026-08-09 20:49:57,564 INFO o.a.j.t.JMeterThread: Thread started: TG 1-17
2026-08-09 20:49:57,665 INFO o.a.j.t.JMeterThread: Thread started: TG 1-18
2026-08-09 20:49:57,765 INFO o.a.j.t.JMeterThread: Thread started: TG 1-19
2026-08-09 20:49:57,862 INFO o.a.j.t.JMeterThread: Thread started: TG 1-20
2026-08-09 20:49:57,962 INFO o.a.j.t.JMeterThread: Thread started: TG 1-21
2026-08-09 20:49:58,083 INFO o.a.j.t.JMeterThread: Thread started: TG 1-22
2026-08-09 20:49:58,183 INFO o.a.j.t.JMeterThread: Thread started: TG 1-23
2026-08-09 20:49:58,282 INFO o.a.j.t.JMeterThread: Thread started: TG 1-24
2026-08-09 20:49:58,376 INFO o.a.j.t.JMeterThread: Thread started: TG 1-25
2026-08-09 20:49:58,476 INFO o.a.j.t.JMeterThread: Thread started: TG 1-26
2026-08-09 20:49:58,577 INFO o.a.j.t.JMeterThread: Thread started: TG 1-27
2026-08-09 20:49:58,675 INFO o.a.j.t.JMeterThread: Thread started: TG 1-28
2026-08-09 20:49:58,779 INFO o.a.j.t.JMeterThread: Thread started: TG 1-29
2026-08-09 20:49:58,877 INFO o.a.j.t.JMeterThread: Thread started: TG 1-30
2026-08-09 20:49:58,977 INFO o.a.j.t.JMeterThread: Thread started: TG 1-31
2026-08-09 20:49:59,078 INFO o.a.j.t.JMeterThread: Thread started: TG 1-32
2026-08-09 20:49:59,177 INFO o.a.j.t.JMeterThread: Thread started: TG 1-33
2026-08-09 20:49:59,276 INFO o.a.j.t.JMeterThread: Thread started: TG 1-34
2026-08-09 20:49:59,374 INFO o.a.j.t.JMeterThread: Thread started: TG 1-35
2026-08-09 20:49:59,468 INFO o.a.j.t.JMeterThread: Thread started: TG 1-36
2026-08-09 20:49:59,567 INFO o.a.j.t.JMeterThread: Thread started: TG 1-37
2026-08-09 20:49:59,662 INFO o.a.j.t.JMeterThread: Thread started: TG 1-38
2026-08-09 20:49:59,760 INFO o.a.j.t.JMeterThread: Thread started: TG 1-39
2026-08-09 20:49:59,867 INFO o.a.j.t.JMeterThread: Thread started: TG 1-40
2026-08-09 20:49:59,965 INFO o.a.j.t.JMeterThread: Thread started: TG 1-41
2026-08-09 20:50:00,003 INFO o.a.j.r.Summariser: summary +    523 in 00:00:04 =  126.3/s Avg:   140 Min:     8 Max:   413 Err:     5 (0.96%) Active: 41 Started: 41 Finished: 0
2026-08-09 20:50:00,060 INFO o.a.j.t.JMeterThread: Thread started: TG 1-42
2026-08-09 20:50:00,158 INFO o.a.j.t.JMeterThread: Thread started: TG 1-43
2026-08-09 20:50:00,263 INFO o.a.j.t.JMeterThread: Thread started: TG 1-44
2026-08-09 20:50:00,363 INFO o.a.j.t.JMeterThread: Thread started: TG 1-45
2026-08-09 20:50:00,458 INFO o.a.j.t.JMeterThread: Thread started: TG 1-46
2026-08-09 20:50:00,557 INFO o.a.j.t.JMeterThread: Thread started: TG 1-47
2026-08-09 20:50:00,657 INFO o.a.j.t.JMeterThread: Thread started: TG 1-48
2026-08-09 20:50:00,756 INFO o.a.j.t.JMeterThread: Thread started: TG 1-49
2026-08-09 20:50:00,854 INFO o.a.j.t.JMeterThread: Thread started: TG 1-50
2026-08-09 20:50:00,954 INFO o.a.j.t.JMeterThread: Thread started: TG 1-51
2026-08-09 20:50:01,053 INFO o.a.j.t.JMeterThread: Thread started: TG 1-52
2026-08-09 20:50:01,153 INFO o.a.j.t.JMeterThread: Thread started: TG 1-53
2026-08-09 20:50:01,269 INFO o.a.j.t.JMeterThread: Thread started: TG 1-54
2026-08-09 20:50:01,377 INFO o.a.j.t.JMeterThread: Thread started: TG 1-55
2026-08-09 20:50:01,453 INFO o.a.j.t.JMeterThread: Thread started: TG 1-56
2026-08-09 20:50:01,552 INFO o.a.j.t.JMeterThread: Thread started: TG 1-57
2026-08-09 20:50:01,704 INFO o.a.j.t.JMeterThread: Thread started: TG 1-58
2026-08-09 20:50:01,776 INFO o.a.j.t.JMeterThread: Thread started: TG 1-59
2026-08-09 20:50:01,851 INFO o.a.j.t.JMeterThread: Thread started: TG 1-60
2026-08-09 20:50:01,954 INFO o.a.j.t.JMeterThread: Thread started: TG 1-61
2026-08-09 20:50:02,074 INFO o.a.j.t.JMeterThread: Thread started: TG 1-62
2026-08-09 20:50:02,176 INFO o.a.j.t.JMeterThread: Thread started: TG 1-63
2026-08-09 20:50:02,277 INFO o.a.j.t.JMeterThread: Thread started: TG 1-64
2026-08-09 20:50:02,392 INFO o.a.j.t.JMeterThread: Thread started: TG 1-65
2026-08-09 20:50:02,477 INFO o.a.j.t.JMeterThread: Thread started: TG 1-66
2026-08-09 20:50:02,599 INFO o.a.j.t.JMeterThread: Thread started: TG 1-67
2026-08-09 20:50:02,689 INFO o.a.j.t.JMeterThread: Thread started: TG 1-68
2026-08-09 20:50:02,788 INFO o.a.j.t.JMeterThread: Thread started: TG 1-69
2026-08-09 20:50:02,899 INFO o.a.j.t.JMeterThread: Thread started: TG 1-70
2026-08-09 20:50:02,979 INFO o.a.j.t.JMeterThread: Thread started: TG 1-71
2026-08-09 20:50:03,087 INFO o.a.j.t.JMeterThread: Thread started: TG 1-72
2026-08-09 20:50:03,187 INFO o.a.j.t.JMeterThread: Thread started: TG 1-73
2026-08-09 20:50:03,281 INFO o.a.j.t.JMeterThread: Thread started: TG 1-74
2026-08-09 20:50:03,397 INFO o.a.j.t.JMeterThread: Thread started: TG 1-75
2026-08-09 20:50:03,486 INFO o.a.j.t.JMeterThread: Thread started: TG 1-76
2026-08-09 20:50:03,587 INFO o.a.j.t.JMeterThread: Thread started: TG 1-77
2026-08-09 20:50:03,680 INFO o.a.j.t.JMeterThread: Thread started: TG 1-78
2026-08-09 20:50:03,783 INFO o.a.j.t.JMeterThread: Thread started: TG 1-79
2026-08-09 20:50:03,893 INFO o.a.j.t.JMeterThread: Thread started: TG 1-80
2026-08-09 20:50:03,998 INFO o.a.j.t.JMeterThread: Thread started: TG 1-81
2026-08-09 20:50:04,094 INFO o.a.j.t.JMeterThread: Thread started: TG 1-82
2026-08-09 20:50:04,184 INFO o.a.j.t.JMeterThread: Thread started: TG 1-83
2026-08-09 20:50:04,297 INFO o.a.j.t.JMeterThread: Thread started: TG 1-84
2026-08-09 20:50:04,397 INFO o.a.j.t.JMeterThread: Thread started: TG 1-85
2026-08-09 20:50:04,482 INFO o.a.j.t.JMeterThread: Thread started: TG 1-86
2026-08-09 20:50:04,585 INFO o.a.j.t.JMeterThread: Thread started: TG 1-87
2026-08-09 20:50:04,696 INFO o.a.j.t.JMeterThread: Thread started: TG 1-88
2026-08-09 20:50:04,796 INFO o.a.j.t.JMeterThread: Thread started: TG 1-89
2026-08-09 20:50:04,882 INFO o.a.j.t.JMeterThread: Thread started: TG 1-90
2026-08-09 20:50:04,982 INFO o.a.j.t.JMeterThread: Thread started: TG 1-91
2026-08-09 20:50:05,093 INFO o.a.j.t.JMeterThread: Thread started: TG 1-92
2026-08-09 20:50:05,193 INFO o.a.j.t.JMeterThread: Thread started: TG 1-93
2026-08-09 20:50:05,293 INFO o.a.j.t.JMeterThread: Thread started: TG 1-94
2026-08-09 20:50:05,394 INFO o.a.j.t.JMeterThread: Thread started: TG 1-95
2026-08-09 20:50:05,492 INFO o.a.j.t.JMeterThread: Thread started: TG 1-96
2026-08-09 20:50:05,598 INFO o.a.j.t.JMeterThread: Thread started: TG 1-97
2026-08-09 20:50:05,692 INFO o.a.j.t.JMeterThread: Thread started: TG 1-98
2026-08-09 20:50:05,791 INFO o.a.j.t.JMeterThread: Thread started: TG 1-99
2026-08-09 20:50:05,894 INFO o.a.j.t.JMeterThread: Thread started: TG 1-100
2026-08-09 20:50:06,004 INFO o.a.j.t.JMeterThread: Thread started: TG 1-101
2026-08-09 20:50:06,090 INFO o.a.j.t.JMeterThread: Thread started: TG 1-102
2026-08-09 20:50:06,191 INFO o.a.j.t.JMeterThread: Thread started: TG 1-103
2026-08-09 20:50:06,289 INFO o.a.j.t.JMeterThread: Thread started: TG 1-104
2026-08-09 20:50:06,389 INFO o.a.j.t.JMeterThread: Thread started: TG 1-105
2026-08-09 20:50:06,490 INFO o.a.j.t.JMeterThread: Thread started: TG 1-106
2026-08-09 20:50:06,589 INFO o.a.j.t.JMeterThread: Thread started: TG 1-107
2026-08-09 20:50:06,688 INFO o.a.j.t.JMeterThread: Thread started: TG 1-108
2026-08-09 20:50:06,788 INFO o.a.j.t.JMeterThread: Thread started: TG 1-109
2026-08-09 20:50:06,888 INFO o.a.j.t.JMeterThread: Thread started: TG 1-110
2026-08-09 20:50:06,988 INFO o.a.j.t.JMeterThread: Thread started: TG 1-111
2026-08-09 20:50:07,088 INFO o.a.j.t.JMeterThread: Thread started: TG 1-112
2026-08-09 20:50:07,187 INFO o.a.j.t.JMeterThread: Thread started: TG 1-113
2026-08-09 20:50:07,287 INFO o.a.j.t.JMeterThread: Thread started: TG 1-114
2026-08-09 20:50:07,387 INFO o.a.j.t.JMeterThread: Thread started: TG 1-115
2026-08-09 20:50:07,487 INFO o.a.j.t.JMeterThread: Thread started: TG 1-116
2026-08-09 20:50:07,586 INFO o.a.j.t.JMeterThread: Thread started: TG 1-117
2026-08-09 20:50:07,685 INFO o.a.j.t.JMeterThread: Thread started: TG 1-118
2026-08-09 20:50:07,785 INFO o.a.j.t.JMeterThread: Thread started: TG 1-119
2026-08-09 20:50:07,885 INFO o.a.j.t.JMeterThread: Thread started: TG 1-120
2026-08-09 20:50:07,985 INFO o.a.j.t.JMeterThread: Thread started: TG 1-121
2026-08-09 20:50:08,084 INFO o.a.j.t.JMeterThread: Thread started: TG 1-122
2026-08-09 20:50:08,184 INFO o.a.j.t.JMeterThread: Thread started: TG 1-123
2026-08-09 20:50:08,284 INFO o.a.j.t.JMeterThread: Thread started: TG 1-124
2026-08-09 20:50:08,383 INFO o.a.j.t.JMeterThread: Thread started: TG 1-125
2026-08-09 20:50:08,483 INFO o.a.j.t.JMeterThread: Thread started: TG 1-126
2026-08-09 20:50:08,582 INFO o.a.j.t.JMeterThread: Thread started: TG 1-127
2026-08-09 20:50:08,683 INFO o.a.j.t.JMeterThread: Thread started: TG 1-128
2026-08-09 20:50:08,781 INFO o.a.j.t.JMeterThread: Thread started: TG 1-129
2026-08-09 20:50:08,883 INFO o.a.j.t.JMeterThread: Thread started: TG 1-130
2026-08-09 20:50:08,982 INFO o.a.j.t.JMeterThread: Thread started: TG 1-131
2026-08-09 20:50:09,082 INFO o.a.j.t.JMeterThread: Thread started: TG 1-132
2026-08-09 20:50:09,181 INFO o.a.j.t.JMeterThread: Thread started: TG 1-133
2026-08-09 20:50:09,282 INFO o.a.j.t.JMeterThread: Thread started: TG 1-134
2026-08-09 20:50:09,380 INFO o.a.j.t.JMeterThread: Thread started: TG 1-135
2026-08-09 20:50:09,480 INFO o.a.j.t.JMeterThread: Thread started: TG 1-136
2026-08-09 20:50:09,580 INFO o.a.j.t.JMeterThread: Thread started: TG 1-137
2026-08-09 20:50:09,680 INFO o.a.j.t.JMeterThread: Thread started: TG 1-138
2026-08-09 20:50:09,779 INFO o.a.j.t.JMeterThread: Thread started: TG 1-139
2026-08-09 20:50:09,854 INFO o.a.j.t.JMeterThread: Thread started: TG 1-140
2026-08-09 20:50:09,979 INFO o.a.j.t.JMeterThread: Thread started: TG 1-141
2026-08-09 20:50:10,079 INFO o.a.j.t.JMeterThread: Thread started: TG 1-142
2026-08-09 20:50:10,177 INFO o.a.j.t.JMeterThread: Thread started: TG 1-143
2026-08-09 20:50:10,277 INFO o.a.j.t.JMeterThread: Thread started: TG 1-144
2026-08-09 20:50:10,377 INFO o.a.j.t.JMeterThread: Thread started: TG 1-145
2026-08-09 20:50:10,478 INFO o.a.j.t.JMeterThread: Thread started: TG 1-146
2026-08-09 20:50:10,577 INFO o.a.j.t.JMeterThread: Thread started: TG 1-147
2026-08-09 20:50:10,675 INFO o.a.j.t.JMeterThread: Thread started: TG 1-148
2026-08-09 20:50:10,777 INFO o.a.j.t.JMeterThread: Thread started: TG 1-149
2026-08-09 20:50:10,877 INFO o.a.j.t.JMeterThread: Thread started: TG 1-150
2026-08-09 20:50:10,978 INFO o.a.j.t.JMeterThread: Thread started: TG 1-151
2026-08-09 20:50:11,074 INFO o.a.j.t.JMeterThread: Thread started: TG 1-152
2026-08-09 20:50:11,172 INFO o.a.j.t.JMeterThread: Thread started: TG 1-153
2026-08-09 20:50:11,273 INFO o.a.j.t.JMeterThread: Thread started: TG 1-154
2026-08-09 20:50:11,354 INFO o.a.j.t.JMeterThread: Thread started: TG 1-155
2026-08-09 20:50:11,474 INFO o.a.j.t.JMeterThread: Thread started: TG 1-156
2026-08-09 20:50:11,572 INFO o.a.j.t.JMeterThread: Thread started: TG 1-157
2026-08-09 20:50:11,671 INFO o.a.j.t.JMeterThread: Thread started: TG 1-158
2026-08-09 20:50:11,773 INFO o.a.j.t.JMeterThread: Thread started: TG 1-159
2026-08-09 20:50:11,873 INFO o.a.j.t.JMeterThread: Thread started: TG 1-160
2026-08-09 20:50:11,972 INFO o.a.j.t.JMeterThread: Thread started: TG 1-161
2026-08-09 20:50:12,071 INFO o.a.j.t.JMeterThread: Thread started: TG 1-162
2026-08-09 20:50:12,171 INFO o.a.j.t.JMeterThread: Thread started: TG 1-163
2026-08-09 20:50:12,273 INFO o.a.j.t.JMeterThread: Thread started: TG 1-164
2026-08-09 20:50:12,371 INFO o.a.j.t.JMeterThread: Thread started: TG 1-165
2026-08-09 20:50:12,470 INFO o.a.j.t.JMeterThread: Thread started: TG 1-166
2026-08-09 20:50:12,571 INFO o.a.j.t.JMeterThread: Thread started: TG 1-167
2026-08-09 20:50:12,671 INFO o.a.j.t.JMeterThread: Thread started: TG 1-168
2026-08-09 20:50:12,769 INFO o.a.j.t.JMeterThread: Thread started: TG 1-169
2026-08-09 20:50:12,868 INFO o.a.j.t.JMeterThread: Thread started: TG 1-170
2026-08-09 20:50:12,952 INFO o.a.j.t.JMeterThread: Thread started: TG 1-171
2026-08-09 20:50:13,070 INFO o.a.j.t.JMeterThread: Thread started: TG 1-172
2026-08-09 20:50:13,167 INFO o.a.j.t.JMeterThread: Thread started: TG 1-173
2026-08-09 20:50:13,267 INFO o.a.j.t.JMeterThread: Thread started: TG 1-174
2026-08-09 20:50:13,369 INFO o.a.j.t.JMeterThread: Thread started: TG 1-175
2026-08-09 20:50:13,468 INFO o.a.j.t.JMeterThread: Thread started: TG 1-176
2026-08-09 20:50:13,566 INFO o.a.j.t.JMeterThread: Thread started: TG 1-177
2026-08-09 20:50:13,667 INFO o.a.j.t.JMeterThread: Thread started: TG 1-178
2026-08-09 20:50:13,772 INFO o.a.j.t.JMeterThread: Thread started: TG 1-179
2026-08-09 20:50:13,871 INFO o.a.j.t.JMeterThread: Thread started: TG 1-180
2026-08-09 20:50:13,965 INFO o.a.j.t.JMeterThread: Thread started: TG 1-181
2026-08-09 20:50:14,067 INFO o.a.j.t.JMeterThread: Thread started: TG 1-182
2026-08-09 20:50:14,168 INFO o.a.j.t.JMeterThread: Thread started: TG 1-183
2026-08-09 20:50:14,267 INFO o.a.j.t.JMeterThread: Thread started: TG 1-184
2026-08-09 20:50:14,365 INFO o.a.j.t.JMeterThread: Thread started: TG 1-185
2026-08-09 20:50:14,465 INFO o.a.j.t.JMeterThread: Thread started: TG 1-186
2026-08-09 20:50:14,567 INFO o.a.j.t.JMeterThread: Thread started: TG 1-187
2026-08-09 20:50:14,667 INFO o.a.j.t.JMeterThread: Thread started: TG 1-188
2026-08-09 20:50:14,764 INFO o.a.j.t.JMeterThread: Thread started: TG 1-189
2026-08-09 20:50:14,864 INFO o.a.j.t.JMeterThread: Thread started: TG 1-190
2026-08-09 20:50:14,966 INFO o.a.j.t.JMeterThread: Thread started: TG 1-191
2026-08-09 20:50:15,055 INFO o.a.j.t.JMeterThread: Thread started: TG 1-192
2026-08-09 20:50:15,164 INFO o.a.j.t.JMeterThread: Thread started: TG 1-193
2026-08-09 20:50:15,262 INFO o.a.j.t.JMeterThread: Thread started: TG 1-194
2026-08-09 20:50:15,363 INFO o.a.j.t.JMeterThread: Thread started: TG 1-195
2026-08-09 20:50:15,464 INFO o.a.j.t.JMeterThread: Thread started: TG 1-196
2026-08-09 20:50:15,563 INFO o.a.j.t.JMeterThread: Thread started: TG 1-197
2026-08-09 20:50:15,662 INFO o.a.j.t.JMeterThread: Thread started: TG 1-198
2026-08-09 20:50:15,763 INFO o.a.j.t.JMeterThread: Thread started: TG 1-199
2026-08-09 20:50:15,865 INFO o.a.j.t.JMeterThread: Thread started: TG 1-200
2026-08-09 20:50:30,161 INFO o.a.j.r.Summariser: summary +   3762 in 00:00:30 =  124.7/s Avg:  1208 Min:   238 Max:  2547 Err:    48 (1.28%) Active: 200 Started: 200 Finished: 0
2026-08-09 20:50:30,161 INFO o.a.j.r.Summariser: summary =   4285 in 00:00:34 =  124.9/s Avg:  1078 Min:     8 Max:  2547 Err:    53 (1.24%)
2026-08-09 20:50:55,980 INFO o.a.j.t.JMeterThread: Stopping because end time detected by thread: TG 1-7
2026-08-09 20:50:55,980 INFO o.a.j.t.JMeterThread: Thread finished: TG 1-7
2026-08-09 20:50:56,026 INFO o.a.j.t.JMeterThread: Stopping because end time detected by thread: TG 1-70
2026-08-09 20:50:56,026 INFO o.a.j.t.JMeterThread: Thread finished: TG 1-70
2026-08-09 20:50:56,034 INFO o.a.j.t.JMeterThread: Stopping because end time detected by thread: TG 1-80
2026-08-09 20:50:56,034 INFO o.a.j.t.JMeterThread: Thread finished: TG 1-80
2026-08-09 20:50:56,047 INFO o.a.j.t.JMeterThread: Stopping because end time detected by thread: TG 1-16
2026-08-09 20:50:56,047 INFO o.a.j.t.JMeterThread: Thread finished: TG 1-16
2026-08-09 20:50:56,054 INFO o.a.j.t.JMeterThread: Stopping because end time detected by thread: TG 1-55
2026-08-09 20:50:56,054 INFO o.a.j.t.JMeterThread: Thread finished: TG 1-55
2026-08-09 20:50:56,060 INFO o.a.j.t.JMeterThread: Stopping because end time detected by thread: TG 1-38
2026-08-09 20:50:56,060 INFO o.a.j.t.JMeterThread: Thread finished: TG 1-38
2026-08-09 20:50:56,067 INFO o.a.j.t.JMeterThread: Stopping because end time detected by thread: TG 1-30
2026-08-09 20:50:56,067 INFO o.a.j.t.JMeterThread: Thread finished: TG 1-30
2026-08-09 20:50:56,074 INFO o.a.j.t.JMeterThread: Stopping because end time detected by thread: TG 1-58
2026-08-09 20:50:56,074 INFO o.a.j.t.JMeterThread: Thread finished: TG 1-58
2026-08-09 20:50:56,081 INFO o.a.j.t.JMeterThread: Stopping because end time detected by thread: TG 1-49
2026-08-09 20:50:56,082 INFO o.a.j.t.JMeterThread: Thread finished: TG 1-49
2026-08-09 20:50:56,087 INFO o.a.j.t.JMeterThread: Stopping because end time detected by thread: TG 1-119
2026-08-09 20:50:56,088 INFO o.a.j.t.JMeterThread: Thread finished: TG 1-119
2026-08-09 20:50:56,092 INFO o.a.j.t.JMeterThread: Stopping because end time detected by thread: TG 1-22
2026-08-09 20:50:56,092 INFO o.a.j.t.JMeterThread: Thread finished: TG 1-22
2026-08-09 20:50:56,096 INFO o.a.j.t.JMeterThread: Stopping because end time detected by thread: TG 1-108
2026-08-09 20:50:56,096 INFO o.a.j.t.JMeterThread: Thread finished: TG 1-108
2026-08-09 20:50:56,100 INFO o.a.j.t.JMeterThread: Stopping because end time detected by thread: TG 1-13
2026-08-09 20:50:56,100 INFO o.a.j.t.JMeterThread: Thread finished: TG 1-13
2026-08-09 20:50:56,104 INFO o.a.j.t.JMeterThread: Stopping because end time detected by thread: TG 1-137
2026-08-09 20:50:56,104 INFO o.a.j.t.JMeterThread: Thread finished: TG 1-137
2026-08-09 20:50:56,108 INFO o.a.j.t.JMeterThread: Stopping because end time detected by thread: TG 1-109
2026-08-09 20:50:56,109 INFO o.a.j.t.JMeterThread: Thread finished: TG 1-109
2026-08-09 20:50:56,113 INFO o.a.j.t.JMeterThread: Stopping because end time detected by thread: TG 1-159
2026-08-09 20:50:56,113 INFO o.a.j.t.JMeterThread: Thread finished: TG 1-159
2026-08-09 20:50:56,117 INFO o.a.j.t.JMeterThread: Stopping because end time detected by thread: TG 1-170
2026-08-09 20:50:56,117 INFO o.a.j.t.JMeterThread: Thread finished: TG 1-170
2026-08-09 20:50:56,121 INFO o.a.j.t.JMeterThread: Stopping because end time detected by thread: TG 1-34
2026-08-09 20:50:56,121 INFO o.a.j.t.JMeterThread: Thread finished: TG 1-34
2026-08-09 20:50:56,126 INFO o.a.j.t.JMeterThread: Stopping because end time detected by thread: TG 1-93
2026-08-09 20:50:56,126 INFO o.a.j.t.JMeterThread: Thread finished: TG 1-93
2026-08-09 20:50:56,129 INFO o.a.j.t.JMeterThread: Stopping because end time detected by thread: TG 1-185
2026-08-09 20:50:56,129 INFO o.a.j.t.JMeterThread: Thread finished: TG 1-185
2026-08-09 20:50:56,138 INFO o.a.j.t.JMeterThread: Stopping because end time detected by thread: TG 1-200
2026-08-09 20:50:56,138 INFO o.a.j.t.JMeterThread: Thread finished: TG 1-200
2026-08-09 20:50:56,144 INFO o.a.j.t.JMeterThread: Stopping because end time detected by thread: TG 1-145
2026-08-09 20:50:56,145 INFO o.a.j.t.JMeterThread: Thread finished: TG 1-145
2026-08-09 20:50:56,151 INFO o.a.j.t.JMeterThread: Stopping because end time detected by thread: TG 1-128
2026-08-09 20:50:56,151 INFO o.a.j.t.JMeterThread: Thread finished: TG 1-128
2026-08-09 20:50:56,158 INFO o.a.j.t.JMeterThread: Stopping because end time detected by thread: TG 1-32
2026-08-09 20:50:56,158 INFO o.a.j.t.JMeterThread: Thread finished: TG 1-32
2026-08-09 20:50:56,164 INFO o.a.j.t.JMeterThread: Stopping because end time detected by thread: TG 1-50
2026-08-09 20:50:56,165 INFO o.a.j.t.JMeterThread: Thread finished: TG 1-50
2026-08-09 20:50:56,171 INFO o.a.j.t.JMeterThread: Stopping because end time detected by thread: TG 1-146
2026-08-09 20:50:56,172 INFO o.a.j.t.JMeterThread: Thread finished: TG 1-146
2026-08-09 20:50:56,179 INFO o.a.j.t.JMeterThread: Stopping because end time detected by thread: TG 1-147
2026-08-09 20:50:56,179 INFO o.a.j.t.JMeterThread: Thread finished: TG 1-147
2026-08-09 20:50:56,186 INFO o.a.j.t.JMeterThread: Stopping because end time detected by thread: TG 1-53
2026-08-09 20:50:56,186 INFO o.a.j.t.JMeterThread: Thread finished: TG 1-53
2026-08-09 20:50:56,193 INFO o.a.j.t.JMeterThread: Stopping because end time detected by thread: TG 1-85
2026-08-09 20:50:56,193 INFO o.a.j.t.JMeterThread: Thread finished: TG 1-85
2026-08-09 20:50:56,200 INFO o.a.j.t.JMeterThread: Stopping because end time detected by thread: TG 1-71
2026-08-09 20:50:56,200 INFO o.a.j.t.JMeterThread: Thread finished: TG 1-71
2026-08-09 20:50:56,208 INFO o.a.j.t.JMeterThread: Stopping because end time detected by thread: TG 1-42
2026-08-09 20:50:56,208 INFO o.a.j.t.JMeterThread: Thread finished: TG 1-42
2026-08-09 20:50:56,214 INFO o.a.j.t.JMeterThread: Stopping because end time detected by thread: TG 1-86
2026-08-09 20:50:56,215 INFO o.a.j.t.JMeterThread: Thread finished: TG 1-86
2026-08-09 20:50:56,221 INFO o.a.j.t.JMeterThread: Stopping because end time detected by thread: TG 1-120
2026-08-09 20:50:56,221 INFO o.a.j.t.JMeterThread: Thread finished: TG 1-120
2026-08-09 20:50:56,225 INFO o.a.j.t.JMeterThread: Stopping because end time detected by thread: TG 1-171
2026-08-09 20:50:56,225 INFO o.a.j.t.JMeterThread: Thread finished: TG 1-171
2026-08-09 20:50:56,229 INFO o.a.j.t.JMeterThread: Stopping because end time detected by thread: TG 1-121
2026-08-09 20:50:56,229 INFO o.a.j.t.JMeterThread: Thread finished: TG 1-121
2026-08-09 20:50:56,234 INFO o.a.j.t.JMeterThread: Stopping because end time detected by thread: TG 1-110
2026-08-09 20:50:56,234 INFO o.a.j.t.JMeterThread: Thread finished: TG 1-110
2026-08-09 20:50:56,237 INFO o.a.j.t.JMeterThread: Stopping because end time detected by thread: TG 1-160
2026-08-09 20:50:56,237 INFO o.a.j.t.JMeterThread: Thread finished: TG 1-160
2026-08-09 20:50:56,241 INFO o.a.j.t.JMeterThread: Stopping because end time detected by thread: TG 1-8
2026-08-09 20:50:56,242 INFO o.a.j.t.JMeterThread: Thread finished: TG 1-8
2026-08-09 20:50:56,246 INFO o.a.j.t.JMeterThread: Stopping because end time detected by thread: TG 1-186
2026-08-09 20:50:56,246 INFO o.a.j.t.JMeterThread: Thread finished: TG 1-186
2026-08-09 20:50:56,250 INFO o.a.j.t.JMeterThread: Stopping because end time detected by thread: TG 1-172
2026-08-09 20:50:56,250 INFO o.a.j.t.JMeterThread: Thread finished: TG 1-172
2026-08-09 20:50:56,254 INFO o.a.j.t.JMeterThread: Stopping because end time detected by thread: TG 1-75
2026-08-09 20:50:56,254 INFO o.a.j.t.JMeterThread: Thread finished: TG 1-75
2026-08-09 20:50:56,259 INFO o.a.j.t.JMeterThread: Stopping because end time detected by thread: TG 1-99
2026-08-09 20:50:56,259 INFO o.a.j.t.JMeterThread: Thread finished: TG 1-99
2026-08-09 20:50:56,267 INFO o.a.j.t.JMeterThread: Stopping because end time detected by thread: TG 1-148
2026-08-09 20:50:56,267 INFO o.a.j.t.JMeterThread: Thread finished: TG 1-148
2026-08-09 20:50:56,274 INFO o.a.j.t.JMeterThread: Stopping because end time detected by thread: TG 1-138
2026-08-09 20:50:56,274 INFO o.a.j.t.JMeterThread: Thread finished: TG 1-138
2026-08-09 20:50:56,281 INFO o.a.j.t.JMeterThread: Stopping because end time detected by thread: TG 1-21
2026-08-09 20:50:56,281 INFO o.a.j.t.JMeterThread: Thread finished: TG 1-21
2026-08-09 20:50:56,288 INFO o.a.j.t.JMeterThread: Stopping because end time detected by thread: TG 1-173
2026-08-09 20:50:56,288 INFO o.a.j.t.JMeterThread: Thread finished: TG 1-173
2026-08-09 20:50:56,294 INFO o.a.j.t.JMeterThread: Stopping because end time detected by thread: TG 1-65
2026-08-09 20:50:56,294 INFO o.a.j.t.JMeterThread: Thread finished: TG 1-65
2026-08-09 20:50:56,301 INFO o.a.j.t.JMeterThread: Stopping because end time detected by thread: TG 1-129
2026-08-09 20:50:56,302 INFO o.a.j.t.JMeterThread: Thread finished: TG 1-129
2026-08-09 20:50:56,308 INFO o.a.j.t.JMeterThread: Stopping because end time detected by thread: TG 1-81
2026-08-09 20:50:56,309 INFO o.a.j.t.JMeterThread: Thread finished: TG 1-81
2026-08-09 20:50:56,316 INFO o.a.j.t.JMeterThread: Stopping because end time detected by thread: TG 1-87
2026-08-09 20:50:56,316 INFO o.a.j.t.JMeterThread: Thread finished: TG 1-87
2026-08-09 20:50:56,323 INFO o.a.j.t.JMeterThread: Stopping because end time detected by thread: TG 1-66
2026-08-09 20:50:56,323 INFO o.a.j.t.JMeterThread: Thread finished: TG 1-66
2026-08-09 20:50:56,330 INFO o.a.j.t.JMeterThread: Stopping because end time detected by thread: TG 1-26
2026-08-09 20:50:56,330 INFO o.a.j.t.JMeterThread: Thread finished: TG 1-26
2026-08-09 20:50:56,336 INFO o.a.j.t.JMeterThread: Stopping because end time detected by thread: TG 1-56
2026-08-09 20:50:56,336 INFO o.a.j.t.JMeterThread: Thread finished: TG 1-56
2026-08-09 20:50:56,346 INFO o.a.j.t.JMeterThread: Stopping because end time detected by thread: TG 1-122
2026-08-09 20:50:56,346 INFO o.a.j.t.JMeterThread: Thread finished: TG 1-122
2026-08-09 20:50:56,351 INFO o.a.j.t.JMeterThread: Stopping because end time detected by thread: TG 1-17
2026-08-09 20:50:56,351 INFO o.a.j.t.JMeterThread: Thread finished: TG 1-17
2026-08-09 20:50:56,355 INFO o.a.j.t.JMeterThread: Stopping because end time detected by thread: TG 1-94
2026-08-09 20:50:56,355 INFO o.a.j.t.JMeterThread: Thread finished: TG 1-94
2026-08-09 20:50:56,360 INFO o.a.j.t.JMeterThread: Stopping because end time detected by thread: TG 1-18
2026-08-09 20:50:56,360 INFO o.a.j.t.JMeterThread: Thread finished: TG 1-18
2026-08-09 20:50:56,365 INFO o.a.j.t.JMeterThread: Stopping because end time detected by thread: TG 1-187
2026-08-09 20:50:56,365 INFO o.a.j.t.JMeterThread: Thread finished: TG 1-187
2026-08-09 20:50:56,368 INFO o.a.j.t.JMeterThread: Stopping because end time detected by thread: TG 1-161
2026-08-09 20:50:56,368 INFO o.a.j.t.JMeterThread: Thread finished: TG 1-161
2026-08-09 20:50:56,372 INFO o.a.j.t.JMeterThread: Stopping because end time detected by thread: TG 1-20
2026-08-09 20:50:56,372 INFO o.a.j.t.JMeterThread: Thread finished: TG 1-20
2026-08-09 20:50:56,376 INFO o.a.j.t.JMeterThread: Stopping because end time detected by thread: TG 1-67
2026-08-09 20:50:56,376 INFO o.a.j.t.JMeterThread: Thread finished: TG 1-67
2026-08-09 20:50:56,380 INFO o.a.j.t.JMeterThread: Stopping because end time detected by thread: TG 1-62
2026-08-09 20:50:56,380 INFO o.a.j.t.JMeterThread: Thread finished: TG 1-62
2026-08-09 20:50:56,384 INFO o.a.j.t.JMeterThread: Stopping because end time detected by thread: TG 1-111
2026-08-09 20:50:56,384 INFO o.a.j.t.JMeterThread: Thread finished: TG 1-111
2026-08-09 20:50:56,389 INFO o.a.j.t.JMeterThread: Stopping because end time detected by thread: TG 1-174
2026-08-09 20:50:56,389 INFO o.a.j.t.JMeterThread: Thread finished: TG 1-174
2026-08-09 20:50:56,393 INFO o.a.j.t.JMeterThread: Stopping because end time detected by thread: TG 1-139
2026-08-09 20:50:56,394 INFO o.a.j.t.JMeterThread: Thread finished: TG 1-139
2026-08-09 20:50:56,398 INFO o.a.j.t.JMeterThread: Stopping because end time detected by thread: TG 1-59
2026-08-09 20:50:56,398 INFO o.a.j.t.JMeterThread: Thread finished: TG 1-59
2026-08-09 20:50:56,402 INFO o.a.j.t.JMeterThread: Stopping because end time detected by thread: TG 1-149
2026-08-09 20:50:56,402 INFO o.a.j.t.JMeterThread: Thread finished: TG 1-149
2026-08-09 20:50:56,406 INFO o.a.j.t.JMeterThread: Stopping because end time detected by thread: TG 1-10
2026-08-09 20:50:56,406 INFO o.a.j.t.JMeterThread: Thread finished: TG 1-10
2026-08-09 20:50:56,410 INFO o.a.j.t.JMeterThread: Stopping because end time detected by thread: TG 1-9
2026-08-09 20:50:56,410 INFO o.a.j.t.JMeterThread: Thread finished: TG 1-9
2026-08-09 20:50:56,414 INFO o.a.j.t.JMeterThread: Stopping because end time detected by thread: TG 1-45
2026-08-09 20:50:56,414 INFO o.a.j.t.JMeterThread: Thread finished: TG 1-45
2026-08-09 20:50:56,418 INFO o.a.j.t.JMeterThread: Stopping because end time detected by thread: TG 1-19
2026-08-09 20:50:56,418 INFO o.a.j.t.JMeterThread: Thread finished: TG 1-19
2026-08-09 20:50:56,422 INFO o.a.j.t.JMeterThread: Stopping because end time detected by thread: TG 1-130
2026-08-09 20:50:56,422 INFO o.a.j.t.JMeterThread: Thread finished: TG 1-130
2026-08-09 20:50:56,428 INFO o.a.j.t.JMeterThread: Stopping because end time detected by thread: TG 1-25
2026-08-09 20:50:56,429 INFO o.a.j.t.JMeterThread: Thread finished: TG 1-25
2026-08-09 20:50:56,436 INFO o.a.j.t.JMeterThread: Stopping because end time detected by thread: TG 1-175
2026-08-09 20:50:56,436 INFO o.a.j.t.JMeterThread: Thread finished: TG 1-175
2026-08-09 20:50:56,442 INFO o.a.j.t.JMeterThread: Stopping because end time detected by thread: TG 1-176
2026-08-09 20:50:56,443 INFO o.a.j.t.JMeterThread: Thread finished: TG 1-176
2026-08-09 20:50:56,449 INFO o.a.j.t.JMeterThread: Stopping because end time detected by thread: TG 1-100
2026-08-09 20:50:56,449 INFO o.a.j.t.JMeterThread: Thread finished: TG 1-100
2026-08-09 20:50:56,457 INFO o.a.j.t.JMeterThread: Stopping because end time detected by thread: TG 1-162
2026-08-09 20:50:56,457 INFO o.a.j.t.JMeterThread: Thread finished: TG 1-162
2026-08-09 20:50:56,464 INFO o.a.j.t.JMeterThread: Stopping because end time detected by thread: TG 1-35
2026-08-09 20:50:56,464 INFO o.a.j.t.JMeterThread: Thread finished: TG 1-35
2026-08-09 20:50:56,471 INFO o.a.j.t.JMeterThread: Stopping because end time detected by thread: TG 1-76
2026-08-09 20:50:56,471 INFO o.a.j.t.JMeterThread: Thread finished: TG 1-76
2026-08-09 20:50:56,478 INFO o.a.j.t.JMeterThread: Stopping because end time detected by thread: TG 1-188
2026-08-09 20:50:56,478 INFO o.a.j.t.JMeterThread: Thread finished: TG 1-188
2026-08-09 20:50:56,485 INFO o.a.j.t.JMeterThread: Stopping because end time detected by thread: TG 1-123
2026-08-09 20:50:56,485 INFO o.a.j.t.JMeterThread: Thread finished: TG 1-123
2026-08-09 20:50:56,492 INFO o.a.j.t.JMeterThread: Stopping because end time detected by thread: TG 1-150
2026-08-09 20:50:56,492 INFO o.a.j.t.JMeterThread: Thread finished: TG 1-150
2026-08-09 20:50:56,499 INFO o.a.j.t.JMeterThread: Stopping because end time detected by thread: TG 1-88
2026-08-09 20:50:56,499 INFO o.a.j.t.JMeterThread: Thread finished: TG 1-88
2026-08-09 20:50:56,505 INFO o.a.j.t.JMeterThread: Stopping because end time detected by thread: TG 1-72
2026-08-09 20:50:56,506 INFO o.a.j.t.JMeterThread: Thread finished: TG 1-72
2026-08-09 20:50:56,512 INFO o.a.j.t.JMeterThread: Stopping because end time detected by thread: TG 1-39
2026-08-09 20:50:56,512 INFO o.a.j.t.JMeterThread: Thread finished: TG 1-39
2026-08-09 20:50:56,516 INFO o.a.j.t.JMeterThread: Stopping because end time detected by thread: TG 1-140
2026-08-09 20:50:56,516 INFO o.a.j.t.JMeterThread: Thread finished: TG 1-140
2026-08-09 20:50:56,519 INFO o.a.j.t.JMeterThread: Stopping because end time detected by thread: TG 1-82
2026-08-09 20:50:56,520 INFO o.a.j.t.JMeterThread: Thread finished: TG 1-82
2026-08-09 20:50:56,525 INFO o.a.j.t.JMeterThread: Stopping because end time detected by thread: TG 1-4
2026-08-09 20:50:56,525 INFO o.a.j.t.JMeterThread: Thread finished: TG 1-4
2026-08-09 20:50:56,530 INFO o.a.j.t.JMeterThread: Stopping because end time detected by thread: TG 1-46
2026-08-09 20:50:56,530 INFO o.a.j.t.JMeterThread: Thread finished: TG 1-46
2026-08-09 20:50:56,534 INFO o.a.j.t.JMeterThread: Stopping because end time detected by thread: TG 1-112
2026-08-09 20:50:56,534 INFO o.a.j.t.JMeterThread: Thread finished: TG 1-112
2026-08-09 20:50:56,538 INFO o.a.j.t.JMeterThread: Stopping because end time detected by thread: TG 1-177
2026-08-09 20:50:56,538 INFO o.a.j.t.JMeterThread: Thread finished: TG 1-177
2026-08-09 20:50:56,542 INFO o.a.j.t.JMeterThread: Stopping because end time detected by thread: TG 1-51
2026-08-09 20:50:56,542 INFO o.a.j.t.JMeterThread: Thread finished: TG 1-51
2026-08-09 20:50:56,546 INFO o.a.j.t.JMeterThread: Stopping because end time detected by thread: TG 1-95
2026-08-09 20:50:56,547 INFO o.a.j.t.JMeterThread: Thread finished: TG 1-95
2026-08-09 20:50:56,551 INFO o.a.j.t.JMeterThread: Stopping because end time detected by thread: TG 1-36
2026-08-09 20:50:56,551 INFO o.a.j.t.JMeterThread: Thread finished: TG 1-36
2026-08-09 20:50:56,555 INFO o.a.j.t.JMeterThread: Stopping because end time detected by thread: TG 1-68
2026-08-09 20:50:56,555 INFO o.a.j.t.JMeterThread: Thread finished: TG 1-68
2026-08-09 20:50:56,559 INFO o.a.j.t.JMeterThread: Stopping because end time detected by thread: TG 1-178
2026-08-09 20:50:56,559 INFO o.a.j.t.JMeterThread: Thread finished: TG 1-178
2026-08-09 20:50:56,563 INFO o.a.j.t.JMeterThread: Stopping because end time detected by thread: TG 1-12
2026-08-09 20:50:56,563 INFO o.a.j.t.JMeterThread: Thread finished: TG 1-12
2026-08-09 20:50:56,567 INFO o.a.j.t.JMeterThread: Stopping because end time detected by thread: TG 1-189
2026-08-09 20:50:56,567 INFO o.a.j.t.JMeterThread: Thread finished: TG 1-189
2026-08-09 20:50:56,571 INFO o.a.j.t.JMeterThread: Stopping because end time detected by thread: TG 1-131
2026-08-09 20:50:56,571 INFO o.a.j.t.JMeterThread: Thread finished: TG 1-131
2026-08-09 20:50:56,576 INFO o.a.j.t.JMeterThread: Stopping because end time detected by thread: TG 1-60
2026-08-09 20:50:56,576 INFO o.a.j.t.JMeterThread: Thread finished: TG 1-60
2026-08-09 20:50:56,580 INFO o.a.j.t.JMeterThread: Stopping because end time detected by thread: TG 1-28
2026-08-09 20:50:56,580 INFO o.a.j.t.JMeterThread: Thread finished: TG 1-28
2026-08-09 20:50:56,585 INFO o.a.j.t.JMeterThread: Stopping because end time detected by thread: TG 1-190
2026-08-09 20:50:56,585 INFO o.a.j.t.JMeterThread: Thread finished: TG 1-190
2026-08-09 20:50:56,589 INFO o.a.j.t.JMeterThread: Stopping because end time detected by thread: TG 1-163
2026-08-09 20:50:56,589 INFO o.a.j.t.JMeterThread: Thread finished: TG 1-163
2026-08-09 20:50:56,593 INFO o.a.j.t.JMeterThread: Stopping because end time detected by thread: TG 1-57
2026-08-09 20:50:56,593 INFO o.a.j.t.JMeterThread: Thread finished: TG 1-57
2026-08-09 20:50:56,597 INFO o.a.j.t.JMeterThread: Stopping because end time detected by thread: TG 1-191
2026-08-09 20:50:56,597 INFO o.a.j.t.JMeterThread: Thread finished: TG 1-191
2026-08-09 20:50:56,602 INFO o.a.j.t.JMeterThread: Stopping because end time detected by thread: TG 1-192
2026-08-09 20:50:56,602 INFO o.a.j.t.JMeterThread: Thread finished: TG 1-192
2026-08-09 20:50:56,606 INFO o.a.j.t.JMeterThread: Stopping because end time detected by thread: TG 1-63
2026-08-09 20:50:56,606 INFO o.a.j.t.JMeterThread: Thread finished: TG 1-63
2026-08-09 20:50:56,610 INFO o.a.j.t.JMeterThread: Stopping because end time detected by thread: TG 1-151
2026-08-09 20:50:56,610 INFO o.a.j.t.JMeterThread: Thread finished: TG 1-151
2026-08-09 20:50:56,615 INFO o.a.j.t.JMeterThread: Stopping because end time detected by thread: TG 1-101
2026-08-09 20:50:56,615 INFO o.a.j.t.JMeterThread: Thread finished: TG 1-101
2026-08-09 20:50:56,622 INFO o.a.j.t.JMeterThread: Stopping because end time detected by thread: TG 1-77
2026-08-09 20:50:56,623 INFO o.a.j.t.JMeterThread: Thread finished: TG 1-77
2026-08-09 20:50:56,629 INFO o.a.j.t.JMeterThread: Stopping because end time detected by thread: TG 1-124
2026-08-09 20:50:56,630 INFO o.a.j.t.JMeterThread: Thread finished: TG 1-124
2026-08-09 20:50:56,636 INFO o.a.j.t.JMeterThread: Stopping because end time detected by thread: TG 1-78
2026-08-09 20:50:56,636 INFO o.a.j.t.JMeterThread: Thread finished: TG 1-78
2026-08-09 20:50:56,642 INFO o.a.j.t.JMeterThread: Stopping because end time detected by thread: TG 1-47
2026-08-09 20:50:56,643 INFO o.a.j.t.JMeterThread: Thread finished: TG 1-47
2026-08-09 20:50:56,650 INFO o.a.j.t.JMeterThread: Stopping because end time detected by thread: TG 1-113
2026-08-09 20:50:56,650 INFO o.a.j.t.JMeterThread: Thread finished: TG 1-113
2026-08-09 20:50:56,657 INFO o.a.j.t.JMeterThread: Stopping because end time detected by thread: TG 1-89
2026-08-09 20:50:56,657 INFO o.a.j.t.JMeterThread: Thread finished: TG 1-89
2026-08-09 20:50:56,663 INFO o.a.j.t.JMeterThread: Stopping because end time detected by thread: TG 1-114
2026-08-09 20:50:56,663 INFO o.a.j.t.JMeterThread: Thread finished: TG 1-114
2026-08-09 20:50:56,669 INFO o.a.j.t.JMeterThread: Stopping because end time detected by thread: TG 1-179
2026-08-09 20:50:56,670 INFO o.a.j.t.JMeterThread: Thread finished: TG 1-179
2026-08-09 20:50:56,677 INFO o.a.j.t.JMeterThread: Stopping because end time detected by thread: TG 1-141
2026-08-09 20:50:56,677 INFO o.a.j.t.JMeterThread: Thread finished: TG 1-141
2026-08-09 20:50:56,685 INFO o.a.j.t.JMeterThread: Stopping because end time detected by thread: TG 1-31
2026-08-09 20:50:56,685 INFO o.a.j.t.JMeterThread: Thread finished: TG 1-31
2026-08-09 20:50:56,691 INFO o.a.j.t.JMeterThread: Stopping because end time detected by thread: TG 1-43
2026-08-09 20:50:56,692 INFO o.a.j.t.JMeterThread: Thread finished: TG 1-43
2026-08-09 20:50:56,698 INFO o.a.j.t.JMeterThread: Stopping because end time detected by thread: TG 1-54
2026-08-09 20:50:56,698 INFO o.a.j.t.JMeterThread: Thread finished: TG 1-54
2026-08-09 20:50:56,701 INFO o.a.j.t.JMeterThread: Stopping because end time detected by thread: TG 1-5
2026-08-09 20:50:56,702 INFO o.a.j.t.JMeterThread: Thread finished: TG 1-5
2026-08-09 20:50:56,705 INFO o.a.j.t.JMeterThread: Stopping because end time detected by thread: TG 1-102
2026-08-09 20:50:56,706 INFO o.a.j.t.JMeterThread: Thread finished: TG 1-102
2026-08-09 20:50:56,710 INFO o.a.j.t.JMeterThread: Stopping because end time detected by thread: TG 1-73
2026-08-09 20:50:56,710 INFO o.a.j.t.JMeterThread: Thread finished: TG 1-73
2026-08-09 20:50:56,714 INFO o.a.j.t.JMeterThread: Stopping because end time detected by thread: TG 1-193
2026-08-09 20:50:56,714 INFO o.a.j.t.JMeterThread: Thread finished: TG 1-193
2026-08-09 20:50:56,718 INFO o.a.j.t.JMeterThread: Stopping because end time detected by thread: TG 1-132
2026-08-09 20:50:56,718 INFO o.a.j.t.JMeterThread: Thread finished: TG 1-132
2026-08-09 20:50:56,722 INFO o.a.j.t.JMeterThread: Stopping because end time detected by thread: TG 1-33
2026-08-09 20:50:56,722 INFO o.a.j.t.JMeterThread: Thread finished: TG 1-33
2026-08-09 20:50:56,726 INFO o.a.j.t.JMeterThread: Stopping because end time detected by thread: TG 1-164
2026-08-09 20:50:56,726 INFO o.a.j.t.JMeterThread: Thread finished: TG 1-164
2026-08-09 20:50:56,731 INFO o.a.j.t.JMeterThread: Stopping because end time detected by thread: TG 1-83
2026-08-09 20:50:56,731 INFO o.a.j.t.JMeterThread: Thread finished: TG 1-83
2026-08-09 20:50:56,735 INFO o.a.j.t.JMeterThread: Stopping because end time detected by thread: TG 1-96
2026-08-09 20:50:56,735 INFO o.a.j.t.JMeterThread: Thread finished: TG 1-96
2026-08-09 20:50:56,739 INFO o.a.j.t.JMeterThread: Stopping because end time detected by thread: TG 1-14
2026-08-09 20:50:56,739 INFO o.a.j.t.JMeterThread: Thread finished: TG 1-14
2026-08-09 20:50:56,743 INFO o.a.j.t.JMeterThread: Stopping because end time detected by thread: TG 1-152
2026-08-09 20:50:56,743 INFO o.a.j.t.JMeterThread: Thread finished: TG 1-152
2026-08-09 20:50:56,747 INFO o.a.j.t.JMeterThread: Stopping because end time detected by thread: TG 1-125
2026-08-09 20:50:56,747 INFO o.a.j.t.JMeterThread: Thread finished: TG 1-125
2026-08-09 20:50:56,751 INFO o.a.j.t.JMeterThread: Stopping because end time detected by thread: TG 1-133
2026-08-09 20:50:56,751 INFO o.a.j.t.JMeterThread: Thread finished: TG 1-133
2026-08-09 20:50:56,754 INFO o.a.j.t.JMeterThread: Stopping because end time detected by thread: TG 1-103
2026-08-09 20:50:56,754 INFO o.a.j.t.JMeterThread: Thread finished: TG 1-103
2026-08-09 20:50:56,758 INFO o.a.j.t.JMeterThread: Stopping because end time detected by thread: TG 1-180
2026-08-09 20:50:56,758 INFO o.a.j.t.JMeterThread: Thread finished: TG 1-180
2026-08-09 20:50:56,762 INFO o.a.j.t.JMeterThread: Stopping because end time detected by thread: TG 1-37
2026-08-09 20:50:56,762 INFO o.a.j.t.JMeterThread: Thread finished: TG 1-37
2026-08-09 20:50:56,767 INFO o.a.j.t.JMeterThread: Stopping because end time detected by thread: TG 1-194
2026-08-09 20:50:56,767 INFO o.a.j.t.JMeterThread: Thread finished: TG 1-194
2026-08-09 20:50:56,773 INFO o.a.j.t.JMeterThread: Stopping because end time detected by thread: TG 1-115
2026-08-09 20:50:56,773 INFO o.a.j.t.JMeterThread: Thread finished: TG 1-115
2026-08-09 20:50:56,779 INFO o.a.j.t.JMeterThread: Stopping because end time detected by thread: TG 1-104
2026-08-09 20:50:56,779 INFO o.a.j.t.JMeterThread: Thread finished: TG 1-104
2026-08-09 20:50:56,787 INFO o.a.j.t.JMeterThread: Stopping because end time detected by thread: TG 1-134
2026-08-09 20:50:56,787 INFO o.a.j.t.JMeterThread: Thread finished: TG 1-134
2026-08-09 20:50:56,794 INFO o.a.j.t.JMeterThread: Stopping because end time detected by thread: TG 1-69
2026-08-09 20:50:56,794 INFO o.a.j.t.JMeterThread: Thread finished: TG 1-69
2026-08-09 20:50:56,801 INFO o.a.j.t.JMeterThread: Stopping because end time detected by thread: TG 1-142
2026-08-09 20:50:56,801 INFO o.a.j.t.JMeterThread: Thread finished: TG 1-142
2026-08-09 20:50:56,807 INFO o.a.j.t.JMeterThread: Stopping because end time detected by thread: TG 1-1
2026-08-09 20:50:56,808 INFO o.a.j.t.JMeterThread: Thread finished: TG 1-1
2026-08-09 20:50:56,815 INFO o.a.j.t.JMeterThread: Stopping because end time detected by thread: TG 1-165
2026-08-09 20:50:56,815 INFO o.a.j.t.JMeterThread: Thread finished: TG 1-165
2026-08-09 20:50:56,822 INFO o.a.j.t.JMeterThread: Stopping because end time detected by thread: TG 1-166
2026-08-09 20:50:56,822 INFO o.a.j.t.JMeterThread: Thread finished: TG 1-166
2026-08-09 20:50:56,828 INFO o.a.j.t.JMeterThread: Stopping because end time detected by thread: TG 1-181
2026-08-09 20:50:56,828 INFO o.a.j.t.JMeterThread: Thread finished: TG 1-181
2026-08-09 20:50:56,836 INFO o.a.j.t.JMeterThread: Stopping because end time detected by thread: TG 1-79
2026-08-09 20:50:56,836 INFO o.a.j.t.JMeterThread: Thread finished: TG 1-79
2026-08-09 20:50:56,842 INFO o.a.j.t.JMeterThread: Stopping because end time detected by thread: TG 1-6
2026-08-09 20:50:56,842 INFO o.a.j.t.JMeterThread: Thread finished: TG 1-6
2026-08-09 20:50:56,849 INFO o.a.j.t.JMeterThread: Stopping because end time detected by thread: TG 1-24
2026-08-09 20:50:56,849 INFO o.a.j.t.JMeterThread: Thread finished: TG 1-24
2026-08-09 20:50:56,856 INFO o.a.j.t.JMeterThread: Stopping because end time detected by thread: TG 1-40
2026-08-09 20:50:56,856 INFO o.a.j.t.JMeterThread: Thread finished: TG 1-40
2026-08-09 20:50:56,860 INFO o.a.j.t.JMeterThread: Stopping because end time detected by thread: TG 1-90
2026-08-09 20:50:56,860 INFO o.a.j.t.JMeterThread: Thread finished: TG 1-90
2026-08-09 20:50:56,863 INFO o.a.j.t.JMeterThread: Stopping because end time detected by thread: TG 1-153
2026-08-09 20:50:56,863 INFO o.a.j.t.JMeterThread: Thread finished: TG 1-153
2026-08-09 20:50:56,867 INFO o.a.j.t.JMeterThread: Stopping because end time detected by thread: TG 1-41
2026-08-09 20:50:56,868 INFO o.a.j.t.JMeterThread: Thread finished: TG 1-41
2026-08-09 20:50:56,873 INFO o.a.j.t.JMeterThread: Stopping because end time detected by thread: TG 1-195
2026-08-09 20:50:56,873 INFO o.a.j.t.JMeterThread: Thread finished: TG 1-195
2026-08-09 20:50:56,877 INFO o.a.j.t.JMeterThread: Stopping because end time detected by thread: TG 1-2
2026-08-09 20:50:56,877 INFO o.a.j.t.JMeterThread: Thread finished: TG 1-2
2026-08-09 20:50:56,881 INFO o.a.j.t.JMeterThread: Stopping because end time detected by thread: TG 1-167
2026-08-09 20:50:56,881 INFO o.a.j.t.JMeterThread: Thread finished: TG 1-167
2026-08-09 20:50:56,885 INFO o.a.j.t.JMeterThread: Stopping because end time detected by thread: TG 1-11
2026-08-09 20:50:56,885 INFO o.a.j.t.JMeterThread: Thread finished: TG 1-11
2026-08-09 20:50:56,888 INFO o.a.j.t.JMeterThread: Stopping because end time detected by thread: TG 1-97
2026-08-09 20:50:56,889 INFO o.a.j.t.JMeterThread: Thread finished: TG 1-97
2026-08-09 20:50:56,893 INFO o.a.j.t.JMeterThread: Stopping because end time detected by thread: TG 1-126
2026-08-09 20:50:56,893 INFO o.a.j.t.JMeterThread: Thread finished: TG 1-126
2026-08-09 20:50:56,897 INFO o.a.j.t.JMeterThread: Stopping because end time detected by thread: TG 1-52
2026-08-09 20:50:56,897 INFO o.a.j.t.JMeterThread: Thread finished: TG 1-52
2026-08-09 20:50:56,900 INFO o.a.j.t.JMeterThread: Stopping because end time detected by thread: TG 1-154
2026-08-09 20:50:56,900 INFO o.a.j.t.JMeterThread: Thread finished: TG 1-154
2026-08-09 20:50:56,904 INFO o.a.j.t.JMeterThread: Stopping because end time detected by thread: TG 1-182
2026-08-09 20:50:56,905 INFO o.a.j.t.JMeterThread: Thread finished: TG 1-182
2026-08-09 20:50:56,909 INFO o.a.j.t.JMeterThread: Stopping because end time detected by thread: TG 1-155
2026-08-09 20:50:56,909 INFO o.a.j.t.JMeterThread: Thread finished: TG 1-155
2026-08-09 20:50:56,912 INFO o.a.j.t.JMeterThread: Stopping because end time detected by thread: TG 1-135
2026-08-09 20:50:56,913 INFO o.a.j.t.JMeterThread: Thread finished: TG 1-135
2026-08-09 20:50:56,916 INFO o.a.j.t.JMeterThread: Stopping because end time detected by thread: TG 1-143
2026-08-09 20:50:56,916 INFO o.a.j.t.JMeterThread: Thread finished: TG 1-143
2026-08-09 20:50:56,920 INFO o.a.j.t.JMeterThread: Stopping because end time detected by thread: TG 1-105
2026-08-09 20:50:56,920 INFO o.a.j.t.JMeterThread: Thread finished: TG 1-105
2026-08-09 20:50:56,923 INFO o.a.j.t.JMeterThread: Stopping because end time detected by thread: TG 1-106
2026-08-09 20:50:56,923 INFO o.a.j.t.JMeterThread: Thread finished: TG 1-106
2026-08-09 20:50:56,927 INFO o.a.j.t.JMeterThread: Stopping because end time detected by thread: TG 1-15
2026-08-09 20:50:56,927 INFO o.a.j.t.JMeterThread: Thread finished: TG 1-15
2026-08-09 20:50:56,932 INFO o.a.j.t.JMeterThread: Stopping because end time detected by thread: TG 1-91
2026-08-09 20:50:56,932 INFO o.a.j.t.JMeterThread: Thread finished: TG 1-91
2026-08-09 20:50:56,936 INFO o.a.j.t.JMeterThread: Stopping because end time detected by thread: TG 1-3
2026-08-09 20:50:56,936 INFO o.a.j.t.JMeterThread: Thread finished: TG 1-3
2026-08-09 20:50:56,940 INFO o.a.j.t.JMeterThread: Stopping because end time detected by thread: TG 1-116
2026-08-09 20:50:56,940 INFO o.a.j.t.JMeterThread: Thread finished: TG 1-116
2026-08-09 20:50:56,944 INFO o.a.j.t.JMeterThread: Stopping because end time detected by thread: TG 1-27
2026-08-09 20:50:56,944 INFO o.a.j.t.JMeterThread: Thread finished: TG 1-27
2026-08-09 20:50:56,947 INFO o.a.j.t.JMeterThread: Stopping because end time detected by thread: TG 1-196
2026-08-09 20:50:56,948 INFO o.a.j.t.JMeterThread: Thread finished: TG 1-196
2026-08-09 20:50:56,953 INFO o.a.j.t.JMeterThread: Stopping because end time detected by thread: TG 1-48
2026-08-09 20:50:56,953 INFO o.a.j.t.JMeterThread: Thread finished: TG 1-48
2026-08-09 20:50:56,960 INFO o.a.j.t.JMeterThread: Stopping because end time detected by thread: TG 1-168
2026-08-09 20:50:56,960 INFO o.a.j.t.JMeterThread: Thread finished: TG 1-168
2026-08-09 20:50:56,966 INFO o.a.j.t.JMeterThread: Stopping because end time detected by thread: TG 1-74
2026-08-09 20:50:56,966 INFO o.a.j.t.JMeterThread: Thread finished: TG 1-74
2026-08-09 20:50:56,973 INFO o.a.j.t.JMeterThread: Stopping because end time detected by thread: TG 1-117
2026-08-09 20:50:56,974 INFO o.a.j.t.JMeterThread: Thread finished: TG 1-117
2026-08-09 20:50:56,979 INFO o.a.j.t.JMeterThread: Stopping because end time detected by thread: TG 1-156
2026-08-09 20:50:56,979 INFO o.a.j.t.JMeterThread: Thread finished: TG 1-156
2026-08-09 20:50:56,986 INFO o.a.j.t.JMeterThread: Stopping because end time detected by thread: TG 1-157
2026-08-09 20:50:56,986 INFO o.a.j.t.JMeterThread: Thread finished: TG 1-157
2026-08-09 20:50:56,992 INFO o.a.j.t.JMeterThread: Stopping because end time detected by thread: TG 1-183
2026-08-09 20:50:56,992 INFO o.a.j.t.JMeterThread: Thread finished: TG 1-183
2026-08-09 20:50:56,999 INFO o.a.j.t.JMeterThread: Stopping because end time detected by thread: TG 1-61
2026-08-09 20:50:57,000 INFO o.a.j.t.JMeterThread: Thread finished: TG 1-61
2026-08-09 20:50:57,007 INFO o.a.j.t.JMeterThread: Stopping because end time detected by thread: TG 1-29
2026-08-09 20:50:57,007 INFO o.a.j.t.JMeterThread: Thread finished: TG 1-29
2026-08-09 20:50:57,014 INFO o.a.j.t.JMeterThread: Stopping because end time detected by thread: TG 1-107
2026-08-09 20:50:57,014 INFO o.a.j.t.JMeterThread: Thread finished: TG 1-107
2026-08-09 20:50:57,021 INFO o.a.j.t.JMeterThread: Stopping because end time detected by thread: TG 1-84
2026-08-09 20:50:57,021 INFO o.a.j.t.JMeterThread: Thread finished: TG 1-84
2026-08-09 20:50:57,028 INFO o.a.j.t.JMeterThread: Stopping because end time detected by thread: TG 1-92
2026-08-09 20:50:57,028 INFO o.a.j.t.JMeterThread: Thread finished: TG 1-92
2026-08-09 20:50:57,035 INFO o.a.j.t.JMeterThread: Stopping because end time detected by thread: TG 1-118
2026-08-09 20:50:57,035 INFO o.a.j.t.JMeterThread: Thread finished: TG 1-118
2026-08-09 20:50:57,041 INFO o.a.j.t.JMeterThread: Stopping because end time detected by thread: TG 1-197
2026-08-09 20:50:57,041 INFO o.a.j.t.JMeterThread: Thread finished: TG 1-197
2026-08-09 20:50:57,047 INFO o.a.j.t.JMeterThread: Stopping because end time detected by thread: TG 1-198
2026-08-09 20:50:57,048 INFO o.a.j.t.JMeterThread: Thread finished: TG 1-198
2026-08-09 20:50:57,053 INFO o.a.j.t.JMeterThread: Stopping because end time detected by thread: TG 1-136
2026-08-09 20:50:57,054 INFO o.a.j.t.JMeterThread: Thread finished: TG 1-136
2026-08-09 20:50:57,058 INFO o.a.j.t.JMeterThread: Stopping because end time detected by thread: TG 1-64
2026-08-09 20:50:57,058 INFO o.a.j.t.JMeterThread: Thread finished: TG 1-64
2026-08-09 20:50:57,062 INFO o.a.j.t.JMeterThread: Stopping because end time detected by thread: TG 1-23
2026-08-09 20:50:57,063 INFO o.a.j.t.JMeterThread: Thread finished: TG 1-23
2026-08-09 20:50:57,069 INFO o.a.j.t.JMeterThread: Stopping because end time detected by thread: TG 1-127
2026-08-09 20:50:57,069 INFO o.a.j.t.JMeterThread: Thread finished: TG 1-127
2026-08-09 20:50:57,076 INFO o.a.j.t.JMeterThread: Stopping because end time detected by thread: TG 1-44
2026-08-09 20:50:57,076 INFO o.a.j.t.JMeterThread: Thread finished: TG 1-44
2026-08-09 20:50:57,083 INFO o.a.j.t.JMeterThread: Stopping because end time detected by thread: TG 1-169
2026-08-09 20:50:57,083 INFO o.a.j.t.JMeterThread: Thread finished: TG 1-169
2026-08-09 20:50:57,089 INFO o.a.j.t.JMeterThread: Stopping because end time detected by thread: TG 1-158
2026-08-09 20:50:57,089 INFO o.a.j.t.JMeterThread: Thread finished: TG 1-158
2026-08-09 20:50:57,097 INFO o.a.j.t.JMeterThread: Stopping because end time detected by thread: TG 1-98
2026-08-09 20:50:57,097 INFO o.a.j.t.JMeterThread: Thread finished: TG 1-98
2026-08-09 20:50:57,103 INFO o.a.j.t.JMeterThread: Stopping because end time detected by thread: TG 1-144
2026-08-09 20:50:57,103 INFO o.a.j.t.JMeterThread: Thread finished: TG 1-144
2026-08-09 20:50:57,109 INFO o.a.j.t.JMeterThread: Stopping because end time detected by thread: TG 1-184
2026-08-09 20:50:57,109 INFO o.a.j.t.JMeterThread: Thread finished: TG 1-184
2026-08-09 20:50:57,116 INFO o.a.j.t.JMeterThread: Stopping because end time detected by thread: TG 1-199
2026-08-09 20:50:57,116 INFO o.a.j.t.JMeterThread: Thread finished: TG 1-199
2026-08-09 20:50:57,116 INFO o.a.j.e.StandardJMeterEngine: Notifying test listeners of end of test
2026-08-09 20:50:57,117 INFO o.a.j.r.Summariser: summary +   4099 in 00:00:27 =  152.1/s Avg:  1343 Min:  1057 Max:  1985 Err:    26 (0.63%) Active: 0 Started: 200 Finished: 200
2026-08-09 20:50:57,118 INFO o.a.j.r.Summariser: summary =   8384 in 00:01:01 =  136.9/s Avg:  1207 Min:     8 Max:  2547 Err:    79 (0.94%)
