=== RUN static 50 60 ===
WARN StatusConsoleListener The use of package scanning to locate plugins is deprecated and will be removed in a future release
WARN StatusConsoleListener The use of package scanning to locate plugins is deprecated and will be removed in a future release
WARN StatusConsoleListener The use of package scanning to locate plugins is deprecated and will be removed in a future release
WARN StatusConsoleListener The use of package scanning to locate plugins is deprecated and will be removed in a future release
Creating summariser <summary>
Created the tree successfully using static.jmx
Starting standalone test @ August 9, 2026 12:06:54 PM CST (1786248414999)
Waiting for possible Shutdown/StopTestNow/HeapDump/ThreadDump message on port 4445
summary +    973 in 00:00:03 =  365.9/s Avg:     2 Min:     1 Max:    49 Err:     0 (0.00%) Active: 7 Started: 7 Finished: 0
summary +  15700 in 00:00:30 =  523.3/s Avg:    59 Min:     1 Max:  2638 Err:   429 (2.73%) Active: 50 Started: 50 Finished: 0
summary =  16673 in 00:00:33 =  510.5/s Avg:    56 Min:     1 Max:  2638 Err:   429 (2.57%)
summary +  14334 in 00:00:28 =  515.2/s Avg:   110 Min:     1 Max: 59590 Err:   562 (3.92%) Active: 0 Started: 50 Finished: 50
summary =  31007 in 00:01:00 =  512.7/s Avg:    81 Min:     1 Max: 59590 Err:   991 (3.20%)
Tidying up ...    @ August 9, 2026 12:07:57 PM CST (1786248477826)
... end of run
=== DONE static 50 exit=0 ===
=== RUN static 100 60 ===
WARN StatusConsoleListener The use of package scanning to locate plugins is deprecated and will be removed in a future release
WARN StatusConsoleListener The use of package scanning to locate plugins is deprecated and will be removed in a future release
WARN StatusConsoleListener The use of package scanning to locate plugins is deprecated and will be removed in a future release
WARN StatusConsoleListener The use of package scanning to locate plugins is deprecated and will be removed in a future release
Creating summariser <summary>
Created the tree successfully using static.jmx
Starting standalone test @ August 9, 2026 12:08:02 PM CST (1786248482987)
Waiting for possible Shutdown/StopTestNow/HeapDump/ThreadDump message on port 4445
summary +  11452 in 00:00:24 =  473.4/s Avg:   105 Min:     1 Max:  2667 Err:   564 (4.92%) Active: 100 Started: 100 Finished: 0
summary +  15090 in 00:00:30 =  503.0/s Avg:   188 Min:     1 Max:  2700 Err:  1343 (8.90%) Active: 100 Started: 100 Finished: 0
summary =  26542 in 00:00:54 =  489.8/s Avg:   152 Min:     1 Max:  2700 Err:  1907 (7.18%)
summary +   2260 in 00:00:07 =  336.7/s Avg:   438 Min:     1 Max: 59744 Err:   230 (10.18%) Active: 0 Started: 100 Finished: 100
summary =  28802 in 00:01:01 =  472.9/s Avg:   175 Min:     1 Max: 59744 Err:  2137 (7.42%)
Tidying up ...    @ August 9, 2026 12:09:06 PM CST (1786248546713)
... end of run
=== DONE static 100 exit=0 ===
=== RUN static 200 60 ===
WARN StatusConsoleListener The use of package scanning to locate plugins is deprecated and will be removed in a future release
WARN StatusConsoleListener The use of package scanning to locate plugins is deprecated and will be removed in a future release
WARN StatusConsoleListener The use of package scanning to locate plugins is deprecated and will be removed in a future release
WARN StatusConsoleListener The use of package scanning to locate plugins is deprecated and will be removed in a future release
Creating summariser <summary>
Created the tree successfully using static.jmx
Starting standalone test @ August 9, 2026 12:09:13 PM CST (1786248553831)
Waiting for possible Shutdown/StopTestNow/HeapDump/ThreadDump message on port 4445
summary +   5034 in 00:00:13 =  373.2/s Avg:   138 Min:     1 Max:  2700 Err:   313 (6.22%) Active: 134 Started: 134 Finished: 0
summary +  14184 in 00:00:30 =  472.8/s Avg:   392 Min:     1 Max:  2806 Err:  2477 (17.46%) Active: 200 Started: 200 Finished: 0
summary =  19218 in 00:00:43 =  441.9/s Avg:   326 Min:     1 Max:  2806 Err:  2790 (14.52%)
summary +  10668 in 00:00:18 =  604.0/s Avg:   358 Min:     1 Max: 59806 Err:  1524 (14.29%) Active: 0 Started: 200 Finished: 200
summary =  29886 in 00:01:01 =  488.7/s Avg:   337 Min:     1 Max: 59806 Err:  4314 (14.43%)
Tidying up ...    @ August 9, 2026 12:10:17 PM CST (1786248617665)
... end of run
=== DONE static 200 exit=0 ===
=== RUN config_get 50 60 ===
WARN StatusConsoleListener The use of package scanning to locate plugins is deprecated and will be removed in a future release
WARN StatusConsoleListener The use of package scanning to locate plugins is deprecated and will be removed in a future release
WARN StatusConsoleListener The use of package scanning to locate plugins is deprecated and will be removed in a future release
WARN StatusConsoleListener The use of package scanning to locate plugins is deprecated and will be removed in a future release
Creating summariser <summary>
Created the tree successfully using config_get.jmx
Starting standalone test @ August 9, 2026 12:10:22 PM CST (1786248622993)
Waiting for possible Shutdown/StopTestNow/HeapDump/ThreadDump message on port 4445
summary +   9711 in 00:00:05 = 2034.6/s Avg:     0 Min:     0 Max:  2041 Err:     1 (0.01%) Active: 12 Started: 12 Finished: 0
summary + 115892 in 00:00:30 = 3863.1/s Avg:     8 Min:     0 Max:  2067 Err:   487 (0.42%) Active: 50 Started: 50 Finished: 0
summary = 125603 in 00:00:35 = 3612.1/s Avg:     8 Min:     0 Max:  2067 Err:   488 (0.39%)
summary +  85299 in 00:00:26 = 3297.3/s Avg:    17 Min:     0 Max: 59595 Err:   546 (0.64%) Active: 0 Started: 50 Finished: 50
summary = 210902 in 00:01:01 = 3477.8/s Avg:    11 Min:     0 Max: 59595 Err:  1034 (0.49%)
Tidying up ...    @ August 9, 2026 12:11:25 PM CST (1786248685870)
... end of run
=== DONE config_get 50 exit=0 ===
=== RUN config_get 100 60 ===
WARN StatusConsoleListener The use of package scanning to locate plugins is deprecated and will be removed in a future release
WARN StatusConsoleListener The use of package scanning to locate plugins is deprecated and will be removed in a future release
WARN StatusConsoleListener The use of package scanning to locate plugins is deprecated and will be removed in a future release
WARN StatusConsoleListener The use of package scanning to locate plugins is deprecated and will be removed in a future release
Creating summariser <summary>
Created the tree successfully using config_get.jmx
Starting standalone test @ August 9, 2026 12:11:31 PM CST (1786248691426)
Waiting for possible Shutdown/StopTestNow/HeapDump/ThreadDump message on port 4445
summary +      1 in 00:00:00 =    2.5/s Avg:    57 Min:    57 Max:    57 Err:     0 (0.00%) Active: 2 Started: 2 Finished: 0
summary +  90768 in 00:00:26 = 3531.0/s Avg:    15 Min:     0 Max:  2560 Err:   667 (0.73%) Active: 100 Started: 100 Finished: 0
summary =  90769 in 00:00:26 = 3475.7/s Avg:    15 Min:     0 Max:  2560 Err:   667 (0.73%)
summary + 118735 in 00:00:30 = 3957.8/s Avg:    23 Min:     0 Max:  2065 Err:  1371 (1.15%) Active: 100 Started: 100 Finished: 0
summary = 209504 in 00:00:56 = 3733.5/s Avg:    20 Min:     0 Max:  2560 Err:  2038 (0.97%)
summary +  16335 in 00:00:05 = 3267.0/s Avg:    49 Min:     0 Max: 59765 Err:   185 (1.13%) Active: 0 Started: 100 Finished: 100
summary = 225839 in 00:01:01 = 3695.3/s Avg:    22 Min:     0 Max: 59765 Err:  2223 (0.98%)
Tidying up ...    @ August 9, 2026 12:12:35 PM CST (1786248755001)
... end of run
=== DONE config_get 100 exit=0 ===
=== RUN config_get 200 60 ===
WARN StatusConsoleListener The use of package scanning to locate plugins is deprecated and will be removed in a future release
WARN StatusConsoleListener The use of package scanning to locate plugins is deprecated and will be removed in a future release
WARN StatusConsoleListener The use of package scanning to locate plugins is deprecated and will be removed in a future release
WARN StatusConsoleListener The use of package scanning to locate plugins is deprecated and will be removed in a future release
Creating summariser <summary>
Created the tree successfully using config_get.jmx
Starting standalone test @ August 9, 2026 12:12:51 PM CST (1786248771387)
Waiting for possible Shutdown/StopTestNow/HeapDump/ThreadDump message on port 4445
summary +   7926 in 00:00:05 = 1442.4/s Avg:     9 Min:     0 Max:  2551 Err:    32 (0.40%) Active: 54 Started: 54 Finished: 0
summary + 114329 in 00:00:30 = 3811.0/s Avg:    40 Min:     0 Max:  2793 Err:  2187 (1.91%) Active: 200 Started: 200 Finished: 0
summary = 122255 in 00:00:35 = 3444.4/s Avg:    38 Min:     0 Max:  2793 Err:  2219 (1.82%)
summary + 117497 in 00:00:25 = 4609.7/s Avg:    45 Min:     0 Max: 59770 Err:  2356 (2.01%) Active: 0 Started: 200 Finished: 200
summary = 239752 in 00:01:01 = 3931.5/s Avg:    42 Min:     0 Max: 59770 Err:  4575 (1.91%)
Tidying up ...    @ August 9, 2026 12:13:55 PM CST (1786248835490)
... end of run
=== DONE config_get 200 exit=0 ===
=== RUN config_post 50 60 ===
WARN StatusConsoleListener The use of package scanning to locate plugins is deprecated and will be removed in a future release
WARN StatusConsoleListener The use of package scanning to locate plugins is deprecated and will be removed in a future release
WARN StatusConsoleListener The use of package scanning to locate plugins is deprecated and will be removed in a future release
WARN StatusConsoleListener The use of package scanning to locate plugins is deprecated and will be removed in a future release
Creating summariser <summary>
Created the tree successfully using config_post.jmx
Starting standalone test @ August 9, 2026 12:14:00 PM CST (1786248840544)
Waiting for possible Shutdown/StopTestNow/HeapDump/ThreadDump message on port 4445
summary +      1 in 00:00:00 =    2.9/s Avg:    60 Min:    60 Max:    60 Err:     0 (0.00%) Active: 1 Started: 1 Finished: 0
summary +   4105 in 00:00:26 =  155.3/s Avg:   162 Min:     3 Max:  2720 Err:   342 (8.33%) Active: 50 Started: 50 Finished: 0
summary =   4106 in 00:00:27 =  153.3/s Avg:   162 Min:     3 Max:  2720 Err:   342 (8.33%)
summary +   4857 in 00:00:30 =  162.0/s Avg:   276 Min:     3 Max:  2799 Err:   681 (14.02%) Active: 50 Started: 50 Finished: 0
summary =   8963 in 00:00:57 =  157.9/s Avg:   224 Min:     3 Max:  2799 Err:  1023 (11.41%)
summary +    570 in 00:00:04 =  127.4/s Avg:   905 Min:     4 Max: 59600 Err:    80 (14.04%) Active: 0 Started: 50 Finished: 50
summary =   9533 in 00:01:01 =  155.7/s Avg:   265 Min:     3 Max: 59600 Err:  1103 (11.57%)
Tidying up ...    @ August 9, 2026 12:15:04 PM CST (1786248904482)
... end of run
=== DONE config_post 50 exit=0 ===
=== RUN config_post 100 60 ===
WARN StatusConsoleListener The use of package scanning to locate plugins is deprecated and will be removed in a future release
WARN StatusConsoleListener The use of package scanning to locate plugins is deprecated and will be removed in a future release
WARN StatusConsoleListener The use of package scanning to locate plugins is deprecated and will be removed in a future release
WARN StatusConsoleListener The use of package scanning to locate plugins is deprecated and will be removed in a future release
Creating summariser <summary>
Created the tree successfully using config_post.jmx
Starting standalone test @ August 9, 2026 12:15:12 PM CST (1786248912075)
Waiting for possible Shutdown/StopTestNow/HeapDump/ThreadDump message on port 4445
summary +   1911 in 00:00:14 =  135.3/s Avg:   179 Min:     4 Max:  2787 Err:   196 (10.26%) Active: 71 Started: 71 Finished: 0
summary +   4578 in 00:00:30 =  152.6/s Avg:   599 Min:     3 Max:  2803 Err:  1308 (28.57%) Active: 100 Started: 100 Finished: 0
summary =   6489 in 00:00:44 =  147.0/s Avg:   475 Min:     3 Max:  2803 Err:  1504 (23.18%)
summary +   2639 in 00:00:18 =  145.3/s Avg:   750 Min:     3 Max: 59760 Err:   739 (28.00%) Active: 0 Started: 100 Finished: 100
summary =   9128 in 00:01:02 =  146.5/s Avg:   555 Min:     3 Max: 59760 Err:  2243 (24.57%)
Tidying up ...    @ August 9, 2026 12:16:18 PM CST (1786248978166)
... end of run
=== DONE config_post 100 exit=0 ===
=== RUN config_post 200 60 ===
WARN StatusConsoleListener The use of package scanning to locate plugins is deprecated and will be removed in a future release
WARN StatusConsoleListener The use of package scanning to locate plugins is deprecated and will be removed in a future release
WARN StatusConsoleListener The use of package scanning to locate plugins is deprecated and will be removed in a future release
WARN StatusConsoleListener The use of package scanning to locate plugins is deprecated and will be removed in a future release
Creating summariser <summary>
Created the tree successfully using config_post.jmx
Starting standalone test @ August 9, 2026 12:16:28 PM CST (1786248988481)
Waiting for possible Shutdown/StopTestNow/HeapDump/ThreadDump message on port 4445
summary +      1 in 00:00:00 =    2.1/s Avg:    53 Min:    53 Max:    53 Err:     0 (0.00%) Active: 4 Started: 4 Finished: 0
summary +   4378 in 00:00:27 =  160.2/s Avg:   733 Min:     3 Max:  2800 Err:  1502 (34.31%) Active: 200 Started: 200 Finished: 0
summary =   4379 in 00:00:28 =  157.5/s Avg:   733 Min:     3 Max:  2800 Err:  1502 (34.30%)
summary +   5976 in 00:00:30 =  199.1/s Avg:   975 Min:     3 Max:  2802 Err:  2655 (44.43%) Active: 200 Started: 200 Finished: 0
summary =  10355 in 00:00:58 =  179.1/s Avg:   873 Min:     3 Max:  2802 Err:  4157 (40.14%)
summary +    686 in 00:00:04 =  161.6/s Avg:  1667 Min:     4 Max: 59745 Err:   270 (39.36%) Active: 0 Started: 200 Finished: 200
summary =  11041 in 00:01:02 =  177.9/s Avg:   922 Min:     3 Max: 59745 Err:  4427 (40.10%)
Tidying up ...    @ August 9, 2026 12:17:34 PM CST (1786249054268)
... end of run
=== DONE config_post 200 exit=0 ===
=== RUN heygen_proxy 50 60 ===
WARN StatusConsoleListener The use of package scanning to locate plugins is deprecated and will be removed in a future release
WARN StatusConsoleListener The use of package scanning to locate plugins is deprecated and will be removed in a future release
WARN StatusConsoleListener The use of package scanning to locate plugins is deprecated and will be removed in a future release
WARN StatusConsoleListener The use of package scanning to locate plugins is deprecated and will be removed in a future release
Creating summariser <summary>
Created the tree successfully using heygen_proxy.jmx
Starting standalone test @ August 9, 2026 12:17:43 PM CST (1786249063104)
Waiting for possible Shutdown/StopTestNow/HeapDump/ThreadDump message on port 4445
summary +    646 in 00:00:13 =   50.9/s Avg:   188 Min:    14 Max:  2749 Err:    46 (7.12%) Active: 32 Started: 32 Finished: 0
summary +   2519 in 00:00:30 =   84.0/s Avg:   502 Min:    12 Max:  2700 Err:   582 (23.10%) Active: 50 Started: 50 Finished: 0
summary =   3165 in 00:00:43 =   74.1/s Avg:   438 Min:    12 Max:  2749 Err:   628 (19.84%)
summary +   1581 in 00:00:18 =   85.8/s Avg:   721 Min:    12 Max: 59585 Err:   380 (24.04%) Active: 0 Started: 50 Finished: 50
summary =   4746 in 00:01:01 =   77.6/s Avg:   532 Min:    12 Max: 59585 Err:  1008 (21.24%)
Tidying up ...    @ August 9, 2026 12:18:48 PM CST (1786249128444)
... end of run
=== DONE heygen_proxy 50 exit=0 ===
=== RUN heygen_proxy 100 60 ===
WARN StatusConsoleListener The use of package scanning to locate plugins is deprecated and will be removed in a future release
WARN StatusConsoleListener The use of package scanning to locate plugins is deprecated and will be removed in a future release
WARN StatusConsoleListener The use of package scanning to locate plugins is deprecated and will be removed in a future release
WARN StatusConsoleListener The use of package scanning to locate plugins is deprecated and will be removed in a future release
Creating summariser <summary>
Created the tree successfully using heygen_proxy.jmx
Starting standalone test @ August 9, 2026 12:18:54 PM CST (1786249134523)
Waiting for possible Shutdown/StopTestNow/HeapDump/ThreadDump message on port 4445
summary +     34 in 00:00:01 =   27.3/s Avg:    24 Min:    13 Max:   116 Err:     0 (0.00%) Active: 6 Started: 6 Finished: 0
summary +   2446 in 00:00:30 =   81.6/s Avg:   764 Min:    12 Max:  2393 Err:   900 (36.79%) Active: 100 Started: 100 Finished: 0
summary =   2480 in 00:00:31 =   79.4/s Avg:   754 Min:    12 Max:  2393 Err:   900 (36.29%)
summary +   2820 in 00:00:30 =   94.0/s Avg:  1116 Min:    13 Max: 59748 Err:  1153 (40.89%) Active: 31 Started: 100 Finished: 69
summary =   5300 in 00:01:01 =   86.6/s Avg:   946 Min:    12 Max: 59748 Err:  2053 (38.74%)
summary +     30 in 00:00:01 =   38.5/s Avg:  2256 Min:  1345 Max:  2761 Err:     2 (6.67%) Active: 0 Started: 100 Finished: 100
summary =   5330 in 00:01:02 =   86.0/s Avg:   954 Min:    12 Max: 59748 Err:  2055 (38.56%)
Tidying up ...    @ August 9, 2026 12:20:00 PM CST (1786249200781)
... end of run
=== DONE heygen_proxy 100 exit=0 ===
=== RUN heygen_proxy 200 60 ===
WARN StatusConsoleListener The use of package scanning to locate plugins is deprecated and will be removed in a future release
WARN StatusConsoleListener The use of package scanning to locate plugins is deprecated and will be removed in a future release
WARN StatusConsoleListener The use of package scanning to locate plugins is deprecated and will be removed in a future release
WARN StatusConsoleListener The use of package scanning to locate plugins is deprecated and will be removed in a future release
Creating summariser <summary>
Created the tree successfully using heygen_proxy.jmx
Starting standalone test @ August 9, 2026 12:20:10 PM CST (1786249210862)
Waiting for possible Shutdown/StopTestNow/HeapDump/ThreadDump message on port 4445
summary +   1055 in 00:00:13 =   78.7/s Avg:   632 Min:    13 Max:  2800 Err:   267 (25.31%) Active: 134 Started: 134 Finished: 0
summary +   4079 in 00:00:30 =  135.9/s Avg:  1357 Min:    13 Max:  2803 Err:  2269 (55.63%) Active: 200 Started: 200 Finished: 0
summary =   5134 in 00:00:43 =  118.2/s Avg:  1208 Min:    13 Max:  2803 Err:  2536 (49.40%)
summary +   2125 in 00:00:19 =  112.4/s Avg:  1893 Min:    13 Max: 59787 Err:  1434 (67.48%) Active: 0 Started: 200 Finished: 200
summary =   7259 in 00:01:02 =  116.5/s Avg:  1408 Min:    13 Max: 59787 Err:  3970 (54.69%)
Tidying up ...    @ August 9, 2026 12:21:18 PM CST (1786249278915)
... end of run
=== DONE heygen_proxy 200 exit=0 ===
=== RUN llm_real 20 60 ===
WARN StatusConsoleListener The use of package scanning to locate plugins is deprecated and will be removed in a future release
WARN StatusConsoleListener The use of package scanning to locate plugins is deprecated and will be removed in a future release
WARN StatusConsoleListener The use of package scanning to locate plugins is deprecated and will be removed in a future release
WARN StatusConsoleListener The use of package scanning to locate plugins is deprecated and will be removed in a future release
Creating summariser <summary>
Created the tree successfully using llm_real.jmx
Starting standalone test @ August 9, 2026 12:21:35 PM CST (1786249295296)
Waiting for possible Shutdown/StopTestNow/HeapDump/ThreadDump message on port 4445
summary +     32 in 00:00:19 =    1.7/s Avg:  2694 Min:  2178 Max:  7559 Err:    30 (93.75%) Active: 19 Started: 19 Finished: 0
summary +    187 in 00:00:30 =    6.2/s Avg:  2369 Min:  2029 Max:  9052 Err:   183 (97.86%) Active: 20 Started: 20 Finished: 0
summary =    219 in 00:00:49 =    4.5/s Avg:  2417 Min:  2029 Max:  9052 Err:   213 (97.26%)
summary +    102 in 00:02:06 =    0.8/s Avg:  9616 Min:  2025 Max: 160939 Err:    96 (94.12%) Active: 1 Started: 20 Finished: 19
summary =    321 in 00:02:55 =    1.8/s Avg:  4705 Min:  2025 Max: 160939 Err:   309 (96.26%)
summary =    321 in 00:02:55 =    1.8/s Avg:  4705 Min:  2025 Max: 160939 Err:   309 (96.26%)
Tidying up ...    @ August 9, 2026 12:24:35 PM CST (1786249475756)
... end of run
=== DONE llm_real 20 exit=0 ===
=== RUN zhiying 50 60 ===
WARN StatusConsoleListener The use of package scanning to locate plugins is deprecated and will be removed in a future release
WARN StatusConsoleListener The use of package scanning to locate plugins is deprecated and will be removed in a future release
WARN StatusConsoleListener The use of package scanning to locate plugins is deprecated and will be removed in a future release
WARN StatusConsoleListener The use of package scanning to locate plugins is deprecated and will be removed in a future release
Creating summariser <summary>
Created the tree successfully using zhiying.jmx
Starting standalone test @ August 9, 2026 12:24:39 PM CST (1786249479642)
Waiting for possible Shutdown/StopTestNow/HeapDump/ThreadDump message on port 4445
summary +  88066 in 00:00:19 = 4654.7/s Avg:     3 Min:     0 Max:  2058 Err:   148 (0.17%) Active: 48 Started: 48 Finished: 0
summary + 152887 in 00:00:30 = 5096.2/s Avg:     8 Min:     0 Max:  2059 Err:   644 (0.42%) Active: 50 Started: 50 Finished: 0
summary = 240953 in 00:00:49 = 4925.4/s Avg:     6 Min:     0 Max:  2059 Err:   792 (0.33%)
summary +  57318 in 00:00:12 = 4934.4/s Avg:    14 Min:     0 Max: 59595 Err:   241 (0.42%) Active: 0 Started: 50 Finished: 50
summary = 298271 in 00:01:01 = 4927.1/s Avg:     8 Min:     0 Max: 59595 Err:  1033 (0.35%)
Tidying up ...    @ August 9, 2026 12:25:41 PM CST (1786249541617)
... end of run
=== DONE zhiying 50 exit=0 ===
MATRIX_DONE
